Archive member included to satisfy reference by file (symbol)

..\src\config\sam_d21_xpro\touch\lib\qtm_acq_samd21_0x0024.X.a(sam_acq_x_samd21.o)
                              build/sam_d21_xpro/production/_ext/1497955284/touch.o (qtm_acquisition_process)
..\src\config\sam_d21_xpro\touch\lib\qtm_touch_key_cm0p_0x0002.X.a(sam_touch_key_x_cm0p.o)
                              build/sam_d21_xpro/production/_ext/1497955284/touch.o (qtm_update_qtlib_timer)
..\src\config\sam_d21_xpro\touch\lib\qtm_scroller_cm0p_0x000b.X.a(sam_scroller_x_cm0p.o)
                              build/sam_d21_xpro/production/_ext/1497955284/touch.o (qtm_init_scroller_module)
..\src\config\sam_d21_xpro\touch\lib\qtm_freq_hop_auto_cm0p_0x0004.X.a(sam_freq_hop_auto_x_cm0p.o)
                              build/sam_d21_xpro/production/_ext/1497955284/touch.o (qtm_freq_hop_autotune)
c:/program files/microchip/xc32/v3.01/bin/bin/../../lib/gcc/pic32c/8.3.1/../../../../pic32c/lib/thumb/v6-m/nofp\libpic32c.a(data_init.o)
                              build/sam_d21_xpro/production/_ext/128142748/startup_xc32.o (__pic32c_data_initialization)
c:/program files/microchip/xc32/v3.01/bin/bin/../../lib/gcc/pic32c/8.3.1/thumb/v6-m/nofp\libgcc.a(_thumb1_case_uhi.o)
                              ..\src\config\sam_d21_xpro\touch\lib\qtm_acq_samd21_0x0024.X.a(sam_acq_x_samd21.o) (__gnu_thumb1_case_uhi)
c:/program files/microchip/xc32/v3.01/bin/bin/../../lib/gcc/pic32c/8.3.1/thumb/v6-m/nofp\libgcc.a(_aeabi_uldivmod.o)
                              build/sam_d21_xpro/production/_ext/1136425057/plib_sercom3_usart.o (__aeabi_uldivmod)
c:/program files/microchip/xc32/v3.01/bin/bin/../../lib/gcc/pic32c/8.3.1/thumb/v6-m/nofp\libgcc.a(_udivmoddi4.o)
                              c:/program files/microchip/xc32/v3.01/bin/bin/../../lib/gcc/pic32c/8.3.1/thumb/v6-m/nofp\libgcc.a(_aeabi_uldivmod.o) (__udivmoddi4)
c:/program files/microchip/xc32/v3.01/bin/bin/../../lib/gcc/pic32c/8.3.1/thumb/v6-m/nofp\libgcc.a(_dvmd_tls.o)
                              c:/program files/microchip/xc32/v3.01/bin/bin/../../lib/gcc/pic32c/8.3.1/thumb/v6-m/nofp\libgcc.a(_aeabi_uldivmod.o) (__aeabi_ldiv0)
c:/program files/microchip/xc32/v3.01/bin/bin/../../lib/gcc/pic32c/8.3.1/thumb/v6-m/nofp\libgcc.a(_clzdi2.o)
                              c:/program files/microchip/xc32/v3.01/bin/bin/../../lib/gcc/pic32c/8.3.1/thumb/v6-m/nofp\libgcc.a(_udivmoddi4.o) (__clzdi2)
c:/program files/microchip/xc32/v3.01/bin/bin/../../lib/gcc/pic32c/8.3.1/thumb/v6-m/nofp\libgcc.a(_clzsi2.o)
                              c:/program files/microchip/xc32/v3.01/bin/bin/../../lib/gcc/pic32c/8.3.1/thumb/v6-m/nofp\libgcc.a(_clzdi2.o) (__clzsi2)
c:/program files/microchip/xc32/v3.01/bin/bin/../../lib/gcc/pic32c/8.3.1/../../../../pic32c/lib/thumb/v6-m/nofp\libc_nano.a(lib_a-init.o)
                              build/sam_d21_xpro/production/_ext/128142748/startup_xc32.o (__libc_init_array)
c:/program files/microchip/xc32/v3.01/bin/bin/../../lib/gcc/pic32c/8.3.1/../../../../pic32c/lib/thumb/v6-m/nofp\libc_nano.a(lib_a-memcpy-stub.o)
                              build/sam_d21_xpro/production/_ext/1104193656/plib_nvmctrl.o (memcpy)

Allocating common symbols
Common symbol       size              file

noise_filter_buffer
                    0x3c              build/sam_d21_xpro/production/_ext/1497955284/touch.o
qtlib_key_grp_data_set1
                    0x8               build/sam_d21_xpro/production/_ext/1497955284/touch.o
p_qtm_drivenshield_config
                    0x4               ..\src\config\sam_d21_xpro\touch\lib\qtm_acq_samd21_0x0024.X.a(sam_acq_x_samd21.o)
qtm_acquisition_control_working_set_ptr
                    0x4               ..\src\config\sam_d21_xpro\touch\lib\qtm_acq_samd21_0x0024.X.a(sam_acq_x_samd21.o)
freq_hop_autotune_counters
                    0x3               build/sam_d21_xpro/production/_ext/1497955284/touch.o
ptc_qtlib_node_stat1
                    0x3c              build/sam_d21_xpro/production/_ext/1497955284/touch.o
qtm_scroller_data1  0x14              build/sam_d21_xpro/production/_ext/1497955284/touch.o
slider_position     0x1               build/sam_d21_xpro/production/_ext/1360937237/main.o
touch_acq_signals_raw
                    0x14              build/sam_d21_xpro/production/_ext/1497955284/touch.o
qtlib_key_data_set1
                    0x78              build/sam_d21_xpro/production/_ext/1497955284/touch.o
rtcObj              0xc               build/sam_d21_xpro/production/_ext/2010531239/plib_rtc_timer.o
qtm_raw_data_measurements_ptr
                    0x4               ..\src\config\sam_d21_xpro\touch\lib\qtm_acq_samd21_0x0024.X.a(sam_acq_x_samd21.o)
rtc_context         0x4               build/sam_d21_xpro/production/_ext/1497955284/touch.o

Microchip PIC32 Memory-Usage Report

ROM Program-Memory Usage
section                    address  length [bytes]      (dec)  Description
-------                 ----------  -------------------------  -----------
.vectors                         0           0xb0         176   
.text                         0xb0           0x20          32  App's exec code 
.text                         0xd0          0xb0c        2828  App's exec code 
.text.qtm_key_sensors_p      0xbdc          0x48c        1164   
.text.qtm_scroller_proc     0x1068          0x410        1040   
.dinit                      0x1478          0x2a0         672   
.text.main                  0x1718          0x284         644   
.text.datastreamer_outp     0x199c          0x20c         524   
.text.qtm_freq_hop_auto     0x1ba8          0x1fe         510   
.text.EVSYS_Initialize      0x1da6            0x2           2   
.text.CLOCK_Initialize      0x1da8          0x140         320   
.text.touch_process         0x1ee8           0xc4         196   
.rodata.PWM_RGB_values      0x1fac           0xc0         192   
.text.__pic32c_data_ini     0x206c           0x90         144   
.text.check_for_aks_blo     0x20fc           0x7a         122   
.text.datastreamer_init     0x2176            0x2           2   
.text.PORT_Initialize       0x2178           0x6c         108   
.text.touch_init            0x21e4           0x68         104   
.text.divide                0x224c           0x5c          92   
.text                       0x22a8           0x48          72  App's exec code 
.text.Reset_Handler         0x22f0           0x48          72   
.text.qtm_init_scroller     0x2338           0x48          72   
.text.__libc_init_array     0x2380           0x48          72   
.text.SERCOM3_USART_Wri     0x23c8           0x44          68   
.text.NVIC_Initialize       0x240c           0x40          64   
.text.RTC_Initialize        0x244c           0x3c          60   
.text.SERCOM3_USART_Ini     0x2488           0x38          56   
.text.SYS_Initialize        0x24c0           0x30          48   
.rodata                     0x24f0           0x30          48  Read-only const 
.text.RTC_InterruptHand     0x2520           0x28          40   
.text.touch_timer_confi     0x2548           0x20          32   
.rodata.main                0x2568           0x20          32   
.text.qtm_init_sensor_k     0x2588           0x1e          30   
.text.Dummy_Handler         0x25a6            0x2           2   
.text.RTC_Timer32Start      0x25a8           0x18          24   
.text.datastreamer_tran     0x25c0           0x16          22   
.text.NonMaskableInt_Ha     0x25d6            0x2           2   
.text.RTC_Timer32Compar     0x25d8           0x14          20   
.text.touch_timer_handl     0x25ec           0x14          20   
.text.get_sensor_node_s     0x2600           0x14          20   
.text.get_sensor_node_r     0x2614           0x14          20   
.text.get_sensor_cc_val     0x2628           0x14          20   
.text.get_sensor_state      0x263c           0x14          20   
.text.get_scroller_stat     0x2650           0x14          20   
.text.get_scroller_posi     0x2664           0x14          20   
.text                       0x2678           0x14          20  App's exec code 
.text.qtm_update_qtlib_     0x268c           0x10          16   
.text.NVMCTRL_Initializ     0x269c            0xc          12   
.text.RTC_Timer32Callba     0x26a8            0xc          12   
.text.qtm_measure_compl     0x26b4            0xc          12   
.text.PTC_Handler           0x26c0            0xc          12   
.text.rtc_cb                0x26cc            0x8           8   
.text.HardFault_Handler     0x26d4            0x2           2   
.text.Dummy_App_Func        0x26d6            0x2           2   
.rodata                     0x26d8            0x2           2  Read-only const 
      Total ROM used  :      0x26da        9946  3.8% of 0x40000
        --------------------------------------------------------------------------
         Total Program Memory used  :      0x26da        9946  3.8% of 0x40000
        --------------------------------------------------------------------------


RAM Data-Memory Usage
section                    address  length [bytes]      (dec)  Description
-------                 ----------  -------------------------  -----------
.bss                    0x20000000          0x144         324  Uninitialized data 
.data.ptc_seq_node_cfg1 0x20000144           0x50          80   
.data.qtlib_key_configs 0x20000194           0x1e          30   
.bss                    0x200001b2            0x2           2  Uninitialized data 
.bss                    0x200001b4           0x1c          28  Uninitialized data 
.data.qtm_scroller_conf 0x200001d0           0x14          20   
.bss                    0x200001e4           0x14          20  Uninitialized data 
.data.data              0x200001f8           0x13          19   
.bss.sequence.6169      0x2000020b            0x1           1   
.data.qtlib_key_set1    0x2000020c           0x10          16   
.data.qtm_freq_hop_auto 0x2000021c           0x10          16   
.data.qtm_freq_hop_auto 0x2000022c           0x10          16   
.data.qtm_scroller_cont 0x2000023c           0x10          16   
.data.qtlib_acq_set1    0x2000024c            0xc          12   
.data.qtlib_key_grp_con 0x20000258            0xa          10   
.bss.module_error_code  0x20000262            0x1           1   
.bss.time_to_measure_to 0x20000263            0x1           1   
.data.qtm_freq_hop_auto 0x20000264            0x8           8   
.data.qtm_scroller_grou 0x2000026c            0x8           8   
.data.ptc_qtlib_acq_gen 0x20000274            0x6           6   
.bss.touch_postprocess_ 0x2000027a            0x1           1   
.bss.PWM_Count          0x2000027b            0x1           1   
.bss                    0x2000027c            0x4           4  Uninitialized data 
.data.freq_hop_delay_se 0x20000280            0x3           3   
.bss.measurement_done_t 0x20000283            0x1           1   
.bss.qtm_scroller_group 0x20000284            0x1           1   
.bss.rotor_position     0x20000285            0x1           1   
.bss.rotor_state        0x20000286            0x1           1   
.data                   0x20000287            0x1           1  Initialized data 
         Total RAM used  :       0x288         648  2.0% of 0x8000
        --------------------------------------------------------------------------
            Total Data Memory used  :       0x288         648  2.0% of 0x8000
        --------------------------------------------------------------------------


Dynamic Data-Memory Reservation
section                    address  length [bytes]      (dec)  Description
-------                 ----------  -------------------------  -----------
heap                    0x20000290          0x200         512  Reserved for heap 
stack                   0x200004a8         0x7b50       31568  Reserved for stack 

        --------------------------------------------------------------------------

Discarded input sections

 .text          0x00000000        0x0 c:/program files/microchip/xc32/v3.01/bin/bin/../../lib/gcc/pic32c/8.3.1/thumb/v6-m/nofp/crti.o
 .data          0x00000000        0x0 c:/program files/microchip/xc32/v3.01/bin/bin/../../lib/gcc/pic32c/8.3.1/thumb/v6-m/nofp/crti.o
 .bss           0x00000000        0x0 c:/program files/microchip/xc32/v3.01/bin/bin/../../lib/gcc/pic32c/8.3.1/thumb/v6-m/nofp/crti.o
 .xc_stack_usage.hdr
                0x00000000        0xe c:/program files/microchip/xc32/v3.01/bin/bin/../../lib/gcc/pic32c/8.3.1/thumb/v6-m/nofp/crti.o
 .xc_stack_usage
                0x00000000       0x26 c:/program files/microchip/xc32/v3.01/bin/bin/../../lib/gcc/pic32c/8.3.1/thumb/v6-m/nofp/crti.o
 .data          0x00000000        0x4 c:/program files/microchip/xc32/v3.01/bin/bin/../../lib/gcc/pic32c/8.3.1/thumb/v6-m/nofp/crtbegin.o
 .xc_stack_usage
                0x00000000       0x3c c:/program files/microchip/xc32/v3.01/bin/bin/../../lib/gcc/pic32c/8.3.1/thumb/v6-m/nofp/crtbegin.o
 .xc_stack_usage.hdr
                0x00000000        0xe c:/program files/microchip/xc32/v3.01/bin/bin/../../lib/gcc/pic32c/8.3.1/thumb/v6-m/nofp/crtbegin.o
 .text          0x00000000        0x0 build/sam_d21_xpro/production/_ext/600686086/plib_clock.o
 .data          0x00000000        0x0 build/sam_d21_xpro/production/_ext/600686086/plib_clock.o
 .bss           0x00000000        0x0 build/sam_d21_xpro/production/_ext/600686086/plib_clock.o
 .text          0x00000000        0x0 build/sam_d21_xpro/production/_ext/602835572/plib_evsys.o
 .data          0x00000000        0x0 build/sam_d21_xpro/production/_ext/602835572/plib_evsys.o
 .bss           0x00000000        0x0 build/sam_d21_xpro/production/_ext/602835572/plib_evsys.o
 .text          0x00000000        0x0 build/sam_d21_xpro/production/_ext/2097924074/plib_nvic.o
 .data          0x00000000        0x0 build/sam_d21_xpro/production/_ext/2097924074/plib_nvic.o
 .bss           0x00000000        0x0 build/sam_d21_xpro/production/_ext/2097924074/plib_nvic.o
 .text.NVIC_INT_Enable
                0x00000000        0x8 build/sam_d21_xpro/production/_ext/2097924074/plib_nvic.o
 .text.NVIC_INT_Disable
                0x00000000       0x12 build/sam_d21_xpro/production/_ext/2097924074/plib_nvic.o
 .text.NVIC_INT_Restore
                0x00000000       0x14 build/sam_d21_xpro/production/_ext/2097924074/plib_nvic.o
 .text          0x00000000        0x0 build/sam_d21_xpro/production/_ext/1104193656/plib_nvmctrl.o
 .data          0x00000000        0x0 build/sam_d21_xpro/production/_ext/1104193656/plib_nvmctrl.o
 .bss           0x00000000        0x0 build/sam_d21_xpro/production/_ext/1104193656/plib_nvmctrl.o
 .text.NVMCTRL_CacheInvalidate
                0x00000000       0x10 build/sam_d21_xpro/production/_ext/1104193656/plib_nvmctrl.o
 .text.NVMCTRL_Read
                0x00000000       0x10 build/sam_d21_xpro/production/_ext/1104193656/plib_nvmctrl.o
 .text.NVMCTRL_PageBufferWrite
                0x00000000       0x14 build/sam_d21_xpro/production/_ext/1104193656/plib_nvmctrl.o
 .text.NVMCTRL_PageBufferCommit
                0x00000000       0x18 build/sam_d21_xpro/production/_ext/1104193656/plib_nvmctrl.o
 .text.NVMCTRL_PageWrite
                0x00000000       0x28 build/sam_d21_xpro/production/_ext/1104193656/plib_nvmctrl.o
 .text.NVMCTRL_RowErase
                0x00000000       0x18 build/sam_d21_xpro/production/_ext/1104193656/plib_nvmctrl.o
 .text.NVMCTRL_ErrorGet
                0x00000000       0x2c build/sam_d21_xpro/production/_ext/1104193656/plib_nvmctrl.o
 .text.NVMCTRL_IsBusy
                0x00000000       0x14 build/sam_d21_xpro/production/_ext/1104193656/plib_nvmctrl.o
 .text.NVMCTRL_RegionLock
                0x00000000       0x14 build/sam_d21_xpro/production/_ext/1104193656/plib_nvmctrl.o
 .text.NVMCTRL_RegionUnlock
                0x00000000       0x14 build/sam_d21_xpro/production/_ext/1104193656/plib_nvmctrl.o
 .text          0x00000000        0x0 build/sam_d21_xpro/production/_ext/2097977225/plib_port.o
 .data          0x00000000        0x0 build/sam_d21_xpro/production/_ext/2097977225/plib_port.o
 .bss           0x00000000        0x0 build/sam_d21_xpro/production/_ext/2097977225/plib_port.o
 .text.PORT_GroupRead
                0x00000000        0x4 build/sam_d21_xpro/production/_ext/2097977225/plib_port.o
 .text.PORT_GroupWrite
                0x00000000        0xc build/sam_d21_xpro/production/_ext/2097977225/plib_port.o
 .text.PORT_GroupLatchRead
                0x00000000        0x4 build/sam_d21_xpro/production/_ext/2097977225/plib_port.o
 .text.PORT_GroupSet
                0x00000000        0x4 build/sam_d21_xpro/production/_ext/2097977225/plib_port.o
 .text.PORT_GroupClear
                0x00000000        0x4 build/sam_d21_xpro/production/_ext/2097977225/plib_port.o
 .text.PORT_GroupToggle
                0x00000000        0x4 build/sam_d21_xpro/production/_ext/2097977225/plib_port.o
 .text.PORT_GroupInputEnable
                0x00000000        0x4 build/sam_d21_xpro/production/_ext/2097977225/plib_port.o
 .text.PORT_GroupOutputEnable
                0x00000000        0x4 build/sam_d21_xpro/production/_ext/2097977225/plib_port.o
 .text.PORT_PinPeripheralFunctionConfig
                0x00000000       0x48 build/sam_d21_xpro/production/_ext/2097977225/plib_port.o
 .text.PORT_PinGPIOConfig
                0x00000000       0x20 build/sam_d21_xpro/production/_ext/2097977225/plib_port.o
 .text          0x00000000        0x0 build/sam_d21_xpro/production/_ext/2010531239/plib_rtc_timer.o
 .data          0x00000000        0x0 build/sam_d21_xpro/production/_ext/2010531239/plib_rtc_timer.o
 .bss           0x00000000        0x0 build/sam_d21_xpro/production/_ext/2010531239/plib_rtc_timer.o
 .text.RTC_Timer32Stop
                0x00000000       0x18 build/sam_d21_xpro/production/_ext/2010531239/plib_rtc_timer.o
 .text.RTC_Timer32CounterSet
                0x00000000       0x14 build/sam_d21_xpro/production/_ext/2010531239/plib_rtc_timer.o
 .text.RTC_Timer32CounterGet
                0x00000000       0x20 build/sam_d21_xpro/production/_ext/2010531239/plib_rtc_timer.o
 .text.RTC_Timer32PeriodGet
                0x00000000        0x6 build/sam_d21_xpro/production/_ext/2010531239/plib_rtc_timer.o
 .text.RTC_Timer32FrequencyGet
                0x00000000        0x8 build/sam_d21_xpro/production/_ext/2010531239/plib_rtc_timer.o
 .text.RTC_Timer32InterruptEnable
                0x00000000        0xc build/sam_d21_xpro/production/_ext/2010531239/plib_rtc_timer.o
 .text.RTC_Timer32InterruptDisable
                0x00000000        0xc build/sam_d21_xpro/production/_ext/2010531239/plib_rtc_timer.o
 .text          0x00000000        0x0 build/sam_d21_xpro/production/_ext/1136425057/plib_sercom3_usart.o
 .data          0x00000000        0x0 build/sam_d21_xpro/production/_ext/1136425057/plib_sercom3_usart.o
 .bss           0x00000000        0x0 build/sam_d21_xpro/production/_ext/1136425057/plib_sercom3_usart.o
 .text.SERCOM3_USART_ErrorClear
                0x00000000       0x2c build/sam_d21_xpro/production/_ext/1136425057/plib_sercom3_usart.o
 .text.SERCOM3_USART_FrequencyGet
                0x00000000        0x8 build/sam_d21_xpro/production/_ext/1136425057/plib_sercom3_usart.o
 .text.SERCOM3_USART_SerialSetup
                0x00000000      0x11c build/sam_d21_xpro/production/_ext/1136425057/plib_sercom3_usart.o
 .text.SERCOM3_USART_ErrorGet
                0x00000000       0x1c build/sam_d21_xpro/production/_ext/1136425057/plib_sercom3_usart.o
 .text.SERCOM3_USART_TransmitterEnable
                0x00000000       0x18 build/sam_d21_xpro/production/_ext/1136425057/plib_sercom3_usart.o
 .text.SERCOM3_USART_TransmitterDisable
                0x00000000       0x1c build/sam_d21_xpro/production/_ext/1136425057/plib_sercom3_usart.o
 .text.SERCOM3_USART_TransmitterIsReady
                0x00000000       0x10 build/sam_d21_xpro/production/_ext/1136425057/plib_sercom3_usart.o
 .text.SERCOM3_USART_TransmitComplete
                0x00000000       0x10 build/sam_d21_xpro/production/_ext/1136425057/plib_sercom3_usart.o
 .text.SERCOM3_USART_WriteByte
                0x00000000       0x18 build/sam_d21_xpro/production/_ext/1136425057/plib_sercom3_usart.o
 .text.SERCOM3_USART_ReceiverEnable
                0x00000000       0x18 build/sam_d21_xpro/production/_ext/1136425057/plib_sercom3_usart.o
 .text.SERCOM3_USART_ReceiverDisable
                0x00000000       0x1c build/sam_d21_xpro/production/_ext/1136425057/plib_sercom3_usart.o
 .text.SERCOM3_USART_Read
                0x00000000       0x58 build/sam_d21_xpro/production/_ext/1136425057/plib_sercom3_usart.o
 .text.SERCOM3_USART_ReceiverIsReady
                0x00000000       0x10 build/sam_d21_xpro/production/_ext/1136425057/plib_sercom3_usart.o
 .text.SERCOM3_USART_ReadByte
                0x00000000        0xc build/sam_d21_xpro/production/_ext/1136425057/plib_sercom3_usart.o
 .text          0x00000000        0x0 build/sam_d21_xpro/production/_ext/1497164574/xc32_monitor.o
 .data          0x00000000        0x0 build/sam_d21_xpro/production/_ext/1497164574/xc32_monitor.o
 .bss           0x00000000        0x0 build/sam_d21_xpro/production/_ext/1497164574/xc32_monitor.o
 .text._mon_getc
                0x00000000        0x4 build/sam_d21_xpro/production/_ext/1497164574/xc32_monitor.o
 .text._mon_putc
                0x00000000        0x2 build/sam_d21_xpro/production/_ext/1497164574/xc32_monitor.o
 .debug_info    0x00000000      0x2be build/sam_d21_xpro/production/_ext/1497164574/xc32_monitor.o
 .debug_abbrev  0x00000000       0x80 build/sam_d21_xpro/production/_ext/1497164574/xc32_monitor.o
 .debug_loc     0x00000000       0x25 build/sam_d21_xpro/production/_ext/1497164574/xc32_monitor.o
 .debug_aranges
                0x00000000       0x28 build/sam_d21_xpro/production/_ext/1497164574/xc32_monitor.o
 .debug_ranges  0x00000000       0x18 build/sam_d21_xpro/production/_ext/1497164574/xc32_monitor.o
 .debug_line    0x00000000       0x82 build/sam_d21_xpro/production/_ext/1497164574/xc32_monitor.o
 .debug_str     0x00000000        0x0 build/sam_d21_xpro/production/_ext/1497164574/xc32_monitor.o
 .comment       0x00000000       0x54 build/sam_d21_xpro/production/_ext/1497164574/xc32_monitor.o
 .debug_frame   0x00000000       0x30 build/sam_d21_xpro/production/_ext/1497164574/xc32_monitor.o
 .ARM.attributes
                0x00000000       0x2c build/sam_d21_xpro/production/_ext/1497164574/xc32_monitor.o
 .text          0x00000000        0x0 build/sam_d21_xpro/production/_ext/64933838/datastreamer_UART_sam.o
 .data          0x00000000        0x0 build/sam_d21_xpro/production/_ext/64933838/datastreamer_UART_sam.o
 .bss           0x00000000        0x0 build/sam_d21_xpro/production/_ext/64933838/datastreamer_UART_sam.o
 .text          0x00000000        0x0 build/sam_d21_xpro/production/_ext/1497955284/touch.o
 .data          0x00000000        0x0 build/sam_d21_xpro/production/_ext/1497955284/touch.o
 .bss           0x00000000        0x0 build/sam_d21_xpro/production/_ext/1497955284/touch.o
 .text.update_sensor_node_signal
                0x00000000       0x14 build/sam_d21_xpro/production/_ext/1497955284/touch.o
 .text.update_sensor_node_reference
                0x00000000       0x14 build/sam_d21_xpro/production/_ext/1497955284/touch.o
 .text.update_sensor_cc_val
                0x00000000       0x14 build/sam_d21_xpro/production/_ext/1497955284/touch.o
 .text.update_sensor_state
                0x00000000       0x14 build/sam_d21_xpro/production/_ext/1497955284/touch.o
 .text.calibrate_node
                0x00000000       0x2c build/sam_d21_xpro/production/_ext/1497955284/touch.o
 .text          0x00000000        0x0 build/sam_d21_xpro/production/_ext/1497955284/touch_example.o
 .data          0x00000000        0x0 build/sam_d21_xpro/production/_ext/1497955284/touch_example.o
 .bss           0x00000000        0x0 build/sam_d21_xpro/production/_ext/1497955284/touch_example.o
 .text.touch_mainloop_example
                0x00000000       0x1c build/sam_d21_xpro/production/_ext/1497955284/touch_example.o
 .text.touch_status_display
                0x00000000       0x58 build/sam_d21_xpro/production/_ext/1497955284/touch_example.o
 .debug_info    0x00000000     0x1126 build/sam_d21_xpro/production/_ext/1497955284/touch_example.o
 .debug_abbrev  0x00000000      0x215 build/sam_d21_xpro/production/_ext/1497955284/touch_example.o
 .debug_loc     0x00000000       0x82 build/sam_d21_xpro/production/_ext/1497955284/touch_example.o
 .debug_aranges
                0x00000000       0x28 build/sam_d21_xpro/production/_ext/1497955284/touch_example.o
 .debug_ranges  0x00000000       0x18 build/sam_d21_xpro/production/_ext/1497955284/touch_example.o
 .debug_line    0x00000000      0x290 build/sam_d21_xpro/production/_ext/1497955284/touch_example.o
 .debug_str     0x00000000       0x56 build/sam_d21_xpro/production/_ext/1497955284/touch_example.o
 .comment       0x00000000       0x54 build/sam_d21_xpro/production/_ext/1497955284/touch_example.o
 .debug_frame   0x00000000       0x40 build/sam_d21_xpro/production/_ext/1497955284/touch_example.o
 .ARM.attributes
                0x00000000       0x2c build/sam_d21_xpro/production/_ext/1497955284/touch_example.o
 .text          0x00000000        0x0 build/sam_d21_xpro/production/_ext/128142748/initialization.o
 .data          0x00000000        0x0 build/sam_d21_xpro/production/_ext/128142748/initialization.o
 .bss           0x00000000        0x0 build/sam_d21_xpro/production/_ext/128142748/initialization.o
 .text          0x00000000        0x0 build/sam_d21_xpro/production/_ext/128142748/interrupts.o
 .data          0x00000000        0x0 build/sam_d21_xpro/production/_ext/128142748/interrupts.o
 .bss           0x00000000        0x0 build/sam_d21_xpro/production/_ext/128142748/interrupts.o
 .text          0x00000000        0x0 build/sam_d21_xpro/production/_ext/128142748/exceptions.o
 .data          0x00000000        0x0 build/sam_d21_xpro/production/_ext/128142748/exceptions.o
 .bss           0x00000000        0x0 build/sam_d21_xpro/production/_ext/128142748/exceptions.o
 .text          0x00000000        0x0 build/sam_d21_xpro/production/_ext/128142748/startup_xc32.o
 .data          0x00000000        0x0 build/sam_d21_xpro/production/_ext/128142748/startup_xc32.o
 .bss           0x00000000        0x0 build/sam_d21_xpro/production/_ext/128142748/startup_xc32.o
 .text          0x00000000        0x0 build/sam_d21_xpro/production/_ext/128142748/libc_syscalls.o
 .data          0x00000000        0x0 build/sam_d21_xpro/production/_ext/128142748/libc_syscalls.o
 .bss           0x00000000        0x0 build/sam_d21_xpro/production/_ext/128142748/libc_syscalls.o
 .text._exit    0x00000000        0x2 build/sam_d21_xpro/production/_ext/128142748/libc_syscalls.o
 .debug_info    0x00000000      0xf12 build/sam_d21_xpro/production/_ext/128142748/libc_syscalls.o
 .debug_abbrev  0x00000000      0x1cc build/sam_d21_xpro/production/_ext/128142748/libc_syscalls.o
 .debug_loc     0x00000000       0x15 build/sam_d21_xpro/production/_ext/128142748/libc_syscalls.o
 .debug_aranges
                0x00000000       0x20 build/sam_d21_xpro/production/_ext/128142748/libc_syscalls.o
 .debug_ranges  0x00000000       0x10 build/sam_d21_xpro/production/_ext/128142748/libc_syscalls.o
 .debug_line    0x00000000      0x148 build/sam_d21_xpro/production/_ext/128142748/libc_syscalls.o
 .debug_str     0x00000000        0xe build/sam_d21_xpro/production/_ext/128142748/libc_syscalls.o
 .comment       0x00000000       0x54 build/sam_d21_xpro/production/_ext/128142748/libc_syscalls.o
 .debug_frame   0x00000000       0x20 build/sam_d21_xpro/production/_ext/128142748/libc_syscalls.o
 .ARM.attributes
                0x00000000       0x2c build/sam_d21_xpro/production/_ext/128142748/libc_syscalls.o
 .text          0x00000000        0x0 build/sam_d21_xpro/production/_ext/1360937237/main.o
 .data          0x00000000        0x0 build/sam_d21_xpro/production/_ext/1360937237/main.o
 .bss           0x00000000        0x0 build/sam_d21_xpro/production/_ext/1360937237/main.o
 .text          0x00000000        0x0 ..\src\config\sam_d21_xpro\touch\lib\qtm_touch_key_cm0p_0x0002.X.a(sam_touch_key_x_cm0p.o)
 .data          0x00000000        0x0 ..\src\config\sam_d21_xpro\touch\lib\qtm_touch_key_cm0p_0x0002.X.a(sam_touch_key_x_cm0p.o)
 .text.qtm_key_suspend
                0x00000000       0x2c ..\src\config\sam_d21_xpro\touch\lib\qtm_touch_key_cm0p_0x0002.X.a(sam_touch_key_x_cm0p.o)
 .text.qtm_key_resume
                0x00000000       0x2c ..\src\config\sam_d21_xpro\touch\lib\qtm_touch_key_cm0p_0x0002.X.a(sam_touch_key_x_cm0p.o)
 .text.qtm_get_touch_keys_module_id
                0x00000000        0x4 ..\src\config\sam_d21_xpro\touch\lib\qtm_touch_key_cm0p_0x0002.X.a(sam_touch_key_x_cm0p.o)
 .text.qtm_get_touch_keys_module_ver
                0x00000000        0x4 ..\src\config\sam_d21_xpro\touch\lib\qtm_touch_key_cm0p_0x0002.X.a(sam_touch_key_x_cm0p.o)
 .text          0x00000000        0x0 ..\src\config\sam_d21_xpro\touch\lib\qtm_scroller_cm0p_0x000b.X.a(sam_scroller_x_cm0p.o)
 .data          0x00000000        0x0 ..\src\config\sam_d21_xpro\touch\lib\qtm_scroller_cm0p_0x000b.X.a(sam_scroller_x_cm0p.o)
 .bss           0x00000000        0x0 ..\src\config\sam_d21_xpro\touch\lib\qtm_scroller_cm0p_0x000b.X.a(sam_scroller_x_cm0p.o)
 .text.qtm_get_scroller_module_id
                0x00000000        0x4 ..\src\config\sam_d21_xpro\touch\lib\qtm_scroller_cm0p_0x000b.X.a(sam_scroller_x_cm0p.o)
 .text.qtm_get_scroller_module_ver
                0x00000000        0x4 ..\src\config\sam_d21_xpro\touch\lib\qtm_scroller_cm0p_0x000b.X.a(sam_scroller_x_cm0p.o)
 .text          0x00000000        0x0 ..\src\config\sam_d21_xpro\touch\lib\qtm_freq_hop_auto_cm0p_0x0004.X.a(sam_freq_hop_auto_x_cm0p.o)
 .data          0x00000000        0x0 ..\src\config\sam_d21_xpro\touch\lib\qtm_freq_hop_auto_cm0p_0x0004.X.a(sam_freq_hop_auto_x_cm0p.o)
 .bss           0x00000000        0x0 ..\src\config\sam_d21_xpro\touch\lib\qtm_freq_hop_auto_cm0p_0x0004.X.a(sam_freq_hop_auto_x_cm0p.o)
 .text.qtm_get_freq_auto_module_id
                0x00000000        0x4 ..\src\config\sam_d21_xpro\touch\lib\qtm_freq_hop_auto_cm0p_0x0004.X.a(sam_freq_hop_auto_x_cm0p.o)
 .text.qtm_get_freq_auto_module_ver
                0x00000000        0x4 ..\src\config\sam_d21_xpro\touch\lib\qtm_freq_hop_auto_cm0p_0x0004.X.a(sam_freq_hop_auto_x_cm0p.o)
 .text          0x00000000        0x0 c:/program files/microchip/xc32/v3.01/bin/bin/../../lib/gcc/pic32c/8.3.1/../../../../pic32c/lib/thumb/v6-m/nofp\libpic32c.a(data_init.o)
 .data          0x00000000        0x0 c:/program files/microchip/xc32/v3.01/bin/bin/../../lib/gcc/pic32c/8.3.1/../../../../pic32c/lib/thumb/v6-m/nofp\libpic32c.a(data_init.o)
 .xc_stack_usage
                0x00000000       0x2a c:/program files/microchip/xc32/v3.01/bin/bin/../../lib/gcc/pic32c/8.3.1/../../../../pic32c/lib/thumb/v6-m/nofp\libpic32c.a(data_init.o)
 .xc_stack_usage.hdr
                0x00000000        0xe c:/program files/microchip/xc32/v3.01/bin/bin/../../lib/gcc/pic32c/8.3.1/../../../../pic32c/lib/thumb/v6-m/nofp\libpic32c.a(data_init.o)
 .data          0x00000000        0x0 c:/program files/microchip/xc32/v3.01/bin/bin/../../lib/gcc/pic32c/8.3.1/thumb/v6-m/nofp\libgcc.a(_thumb1_case_uhi.o)
 .bss           0x00000000        0x0 c:/program files/microchip/xc32/v3.01/bin/bin/../../lib/gcc/pic32c/8.3.1/thumb/v6-m/nofp\libgcc.a(_thumb1_case_uhi.o)
 .xc_stack_usage.hdr
                0x00000000        0xe c:/program files/microchip/xc32/v3.01/bin/bin/../../lib/gcc/pic32c/8.3.1/thumb/v6-m/nofp\libgcc.a(_thumb1_case_uhi.o)
 .xc_stack_usage
                0x00000000       0x23 c:/program files/microchip/xc32/v3.01/bin/bin/../../lib/gcc/pic32c/8.3.1/thumb/v6-m/nofp\libgcc.a(_thumb1_case_uhi.o)
 .text          0x00000000       0x40 c:/program files/microchip/xc32/v3.01/bin/bin/../../lib/gcc/pic32c/8.3.1/thumb/v6-m/nofp\libgcc.a(_aeabi_uldivmod.o)
 .data          0x00000000        0x0 c:/program files/microchip/xc32/v3.01/bin/bin/../../lib/gcc/pic32c/8.3.1/thumb/v6-m/nofp\libgcc.a(_aeabi_uldivmod.o)
 .bss           0x00000000        0x0 c:/program files/microchip/xc32/v3.01/bin/bin/../../lib/gcc/pic32c/8.3.1/thumb/v6-m/nofp\libgcc.a(_aeabi_uldivmod.o)
 .xc_stack_usage.hdr
                0x00000000        0xe c:/program files/microchip/xc32/v3.01/bin/bin/../../lib/gcc/pic32c/8.3.1/thumb/v6-m/nofp\libgcc.a(_aeabi_uldivmod.o)
 .xc_stack_usage
                0x00000000       0x1e c:/program files/microchip/xc32/v3.01/bin/bin/../../lib/gcc/pic32c/8.3.1/thumb/v6-m/nofp\libgcc.a(_aeabi_uldivmod.o)
 .debug_line    0x00000000       0xa7 c:/program files/microchip/xc32/v3.01/bin/bin/../../lib/gcc/pic32c/8.3.1/thumb/v6-m/nofp\libgcc.a(_aeabi_uldivmod.o)
 .debug_info    0x00000000       0x26 c:/program files/microchip/xc32/v3.01/bin/bin/../../lib/gcc/pic32c/8.3.1/thumb/v6-m/nofp\libgcc.a(_aeabi_uldivmod.o)
 .debug_abbrev  0x00000000       0x14 c:/program files/microchip/xc32/v3.01/bin/bin/../../lib/gcc/pic32c/8.3.1/thumb/v6-m/nofp\libgcc.a(_aeabi_uldivmod.o)
 .debug_aranges
                0x00000000       0x20 c:/program files/microchip/xc32/v3.01/bin/bin/../../lib/gcc/pic32c/8.3.1/thumb/v6-m/nofp\libgcc.a(_aeabi_uldivmod.o)
 .debug_str     0x00000000       0xee c:/program files/microchip/xc32/v3.01/bin/bin/../../lib/gcc/pic32c/8.3.1/thumb/v6-m/nofp\libgcc.a(_aeabi_uldivmod.o)
 .ARM.attributes
                0x00000000       0x1e c:/program files/microchip/xc32/v3.01/bin/bin/../../lib/gcc/pic32c/8.3.1/thumb/v6-m/nofp\libgcc.a(_aeabi_uldivmod.o)
 .text          0x00000000      0x1a4 c:/program files/microchip/xc32/v3.01/bin/bin/../../lib/gcc/pic32c/8.3.1/thumb/v6-m/nofp\libgcc.a(_udivmoddi4.o)
 .data          0x00000000        0x0 c:/program files/microchip/xc32/v3.01/bin/bin/../../lib/gcc/pic32c/8.3.1/thumb/v6-m/nofp\libgcc.a(_udivmoddi4.o)
 .bss           0x00000000        0x0 c:/program files/microchip/xc32/v3.01/bin/bin/../../lib/gcc/pic32c/8.3.1/thumb/v6-m/nofp\libgcc.a(_udivmoddi4.o)
 .xc_stack_usage
                0x00000000       0x1a c:/program files/microchip/xc32/v3.01/bin/bin/../../lib/gcc/pic32c/8.3.1/thumb/v6-m/nofp\libgcc.a(_udivmoddi4.o)
 .ARM.extab     0x00000000        0x0 c:/program files/microchip/xc32/v3.01/bin/bin/../../lib/gcc/pic32c/8.3.1/thumb/v6-m/nofp\libgcc.a(_udivmoddi4.o)
 .ARM.exidx     0x00000000        0x8 c:/program files/microchip/xc32/v3.01/bin/bin/../../lib/gcc/pic32c/8.3.1/thumb/v6-m/nofp\libgcc.a(_udivmoddi4.o)
 .xc_stack_usage.hdr
                0x00000000        0xe c:/program files/microchip/xc32/v3.01/bin/bin/../../lib/gcc/pic32c/8.3.1/thumb/v6-m/nofp\libgcc.a(_udivmoddi4.o)
 .debug_info    0x00000000     0x1c12 c:/program files/microchip/xc32/v3.01/bin/bin/../../lib/gcc/pic32c/8.3.1/thumb/v6-m/nofp\libgcc.a(_udivmoddi4.o)
 .debug_abbrev  0x00000000      0x157 c:/program files/microchip/xc32/v3.01/bin/bin/../../lib/gcc/pic32c/8.3.1/thumb/v6-m/nofp\libgcc.a(_udivmoddi4.o)
 .debug_loc     0x00000000      0x41c c:/program files/microchip/xc32/v3.01/bin/bin/../../lib/gcc/pic32c/8.3.1/thumb/v6-m/nofp\libgcc.a(_udivmoddi4.o)
 .debug_aranges
                0x00000000       0x20 c:/program files/microchip/xc32/v3.01/bin/bin/../../lib/gcc/pic32c/8.3.1/thumb/v6-m/nofp\libgcc.a(_udivmoddi4.o)
 .debug_line    0x00000000      0x3d7 c:/program files/microchip/xc32/v3.01/bin/bin/../../lib/gcc/pic32c/8.3.1/thumb/v6-m/nofp\libgcc.a(_udivmoddi4.o)
 .debug_str     0x00000000        0x0 c:/program files/microchip/xc32/v3.01/bin/bin/../../lib/gcc/pic32c/8.3.1/thumb/v6-m/nofp\libgcc.a(_udivmoddi4.o)
 .comment       0x00000000       0x54 c:/program files/microchip/xc32/v3.01/bin/bin/../../lib/gcc/pic32c/8.3.1/thumb/v6-m/nofp\libgcc.a(_udivmoddi4.o)
 .debug_frame   0x00000000       0x3c c:/program files/microchip/xc32/v3.01/bin/bin/../../lib/gcc/pic32c/8.3.1/thumb/v6-m/nofp\libgcc.a(_udivmoddi4.o)
 .ARM.attributes
                0x00000000       0x2c c:/program files/microchip/xc32/v3.01/bin/bin/../../lib/gcc/pic32c/8.3.1/thumb/v6-m/nofp\libgcc.a(_udivmoddi4.o)
 .text          0x00000000        0x4 c:/program files/microchip/xc32/v3.01/bin/bin/../../lib/gcc/pic32c/8.3.1/thumb/v6-m/nofp\libgcc.a(_dvmd_tls.o)
 .data          0x00000000        0x0 c:/program files/microchip/xc32/v3.01/bin/bin/../../lib/gcc/pic32c/8.3.1/thumb/v6-m/nofp\libgcc.a(_dvmd_tls.o)
 .bss           0x00000000        0x0 c:/program files/microchip/xc32/v3.01/bin/bin/../../lib/gcc/pic32c/8.3.1/thumb/v6-m/nofp\libgcc.a(_dvmd_tls.o)
 .xc_stack_usage.hdr
                0x00000000        0xe c:/program files/microchip/xc32/v3.01/bin/bin/../../lib/gcc/pic32c/8.3.1/thumb/v6-m/nofp\libgcc.a(_dvmd_tls.o)
 .xc_stack_usage
                0x00000000       0x36 c:/program files/microchip/xc32/v3.01/bin/bin/../../lib/gcc/pic32c/8.3.1/thumb/v6-m/nofp\libgcc.a(_dvmd_tls.o)
 .debug_line    0x00000000       0x9c c:/program files/microchip/xc32/v3.01/bin/bin/../../lib/gcc/pic32c/8.3.1/thumb/v6-m/nofp\libgcc.a(_dvmd_tls.o)
 .debug_info    0x00000000       0x26 c:/program files/microchip/xc32/v3.01/bin/bin/../../lib/gcc/pic32c/8.3.1/thumb/v6-m/nofp\libgcc.a(_dvmd_tls.o)
 .debug_abbrev  0x00000000       0x14 c:/program files/microchip/xc32/v3.01/bin/bin/../../lib/gcc/pic32c/8.3.1/thumb/v6-m/nofp\libgcc.a(_dvmd_tls.o)
 .debug_aranges
                0x00000000       0x20 c:/program files/microchip/xc32/v3.01/bin/bin/../../lib/gcc/pic32c/8.3.1/thumb/v6-m/nofp\libgcc.a(_dvmd_tls.o)
 .debug_str     0x00000000       0xee c:/program files/microchip/xc32/v3.01/bin/bin/../../lib/gcc/pic32c/8.3.1/thumb/v6-m/nofp\libgcc.a(_dvmd_tls.o)
 .ARM.attributes
                0x00000000       0x1e c:/program files/microchip/xc32/v3.01/bin/bin/../../lib/gcc/pic32c/8.3.1/thumb/v6-m/nofp\libgcc.a(_dvmd_tls.o)
 .text          0x00000000       0x18 c:/program files/microchip/xc32/v3.01/bin/bin/../../lib/gcc/pic32c/8.3.1/thumb/v6-m/nofp\libgcc.a(_clzdi2.o)
 .data          0x00000000        0x0 c:/program files/microchip/xc32/v3.01/bin/bin/../../lib/gcc/pic32c/8.3.1/thumb/v6-m/nofp\libgcc.a(_clzdi2.o)
 .bss           0x00000000        0x0 c:/program files/microchip/xc32/v3.01/bin/bin/../../lib/gcc/pic32c/8.3.1/thumb/v6-m/nofp\libgcc.a(_clzdi2.o)
 .xc_stack_usage.hdr
                0x00000000        0xe c:/program files/microchip/xc32/v3.01/bin/bin/../../lib/gcc/pic32c/8.3.1/thumb/v6-m/nofp\libgcc.a(_clzdi2.o)
 .xc_stack_usage
                0x00000000       0x16 c:/program files/microchip/xc32/v3.01/bin/bin/../../lib/gcc/pic32c/8.3.1/thumb/v6-m/nofp\libgcc.a(_clzdi2.o)
 .debug_line    0x00000000       0xa6 c:/program files/microchip/xc32/v3.01/bin/bin/../../lib/gcc/pic32c/8.3.1/thumb/v6-m/nofp\libgcc.a(_clzdi2.o)
 .debug_info    0x00000000       0x26 c:/program files/microchip/xc32/v3.01/bin/bin/../../lib/gcc/pic32c/8.3.1/thumb/v6-m/nofp\libgcc.a(_clzdi2.o)
 .debug_abbrev  0x00000000       0x14 c:/program files/microchip/xc32/v3.01/bin/bin/../../lib/gcc/pic32c/8.3.1/thumb/v6-m/nofp\libgcc.a(_clzdi2.o)
 .debug_aranges
                0x00000000       0x20 c:/program files/microchip/xc32/v3.01/bin/bin/../../lib/gcc/pic32c/8.3.1/thumb/v6-m/nofp\libgcc.a(_clzdi2.o)
 .debug_str     0x00000000       0xee c:/program files/microchip/xc32/v3.01/bin/bin/../../lib/gcc/pic32c/8.3.1/thumb/v6-m/nofp\libgcc.a(_clzdi2.o)
 .ARM.attributes
                0x00000000       0x1e c:/program files/microchip/xc32/v3.01/bin/bin/../../lib/gcc/pic32c/8.3.1/thumb/v6-m/nofp\libgcc.a(_clzdi2.o)
 .text          0x00000000       0x3c c:/program files/microchip/xc32/v3.01/bin/bin/../../lib/gcc/pic32c/8.3.1/thumb/v6-m/nofp\libgcc.a(_clzsi2.o)
 .data          0x00000000        0x0 c:/program files/microchip/xc32/v3.01/bin/bin/../../lib/gcc/pic32c/8.3.1/thumb/v6-m/nofp\libgcc.a(_clzsi2.o)
 .bss           0x00000000        0x0 c:/program files/microchip/xc32/v3.01/bin/bin/../../lib/gcc/pic32c/8.3.1/thumb/v6-m/nofp\libgcc.a(_clzsi2.o)
 .xc_stack_usage.hdr
                0x00000000        0xe c:/program files/microchip/xc32/v3.01/bin/bin/../../lib/gcc/pic32c/8.3.1/thumb/v6-m/nofp\libgcc.a(_clzsi2.o)
 .xc_stack_usage
                0x00000000       0x16 c:/program files/microchip/xc32/v3.01/bin/bin/../../lib/gcc/pic32c/8.3.1/thumb/v6-m/nofp\libgcc.a(_clzsi2.o)
 .debug_line    0x00000000       0xb0 c:/program files/microchip/xc32/v3.01/bin/bin/../../lib/gcc/pic32c/8.3.1/thumb/v6-m/nofp\libgcc.a(_clzsi2.o)
 .debug_info    0x00000000       0x26 c:/program files/microchip/xc32/v3.01/bin/bin/../../lib/gcc/pic32c/8.3.1/thumb/v6-m/nofp\libgcc.a(_clzsi2.o)
 .debug_abbrev  0x00000000       0x14 c:/program files/microchip/xc32/v3.01/bin/bin/../../lib/gcc/pic32c/8.3.1/thumb/v6-m/nofp\libgcc.a(_clzsi2.o)
 .debug_aranges
                0x00000000       0x20 c:/program files/microchip/xc32/v3.01/bin/bin/../../lib/gcc/pic32c/8.3.1/thumb/v6-m/nofp\libgcc.a(_clzsi2.o)
 .debug_str     0x00000000       0xee c:/program files/microchip/xc32/v3.01/bin/bin/../../lib/gcc/pic32c/8.3.1/thumb/v6-m/nofp\libgcc.a(_clzsi2.o)
 .ARM.attributes
                0x00000000       0x1e c:/program files/microchip/xc32/v3.01/bin/bin/../../lib/gcc/pic32c/8.3.1/thumb/v6-m/nofp\libgcc.a(_clzsi2.o)
 .text          0x00000000        0x0 c:/program files/microchip/xc32/v3.01/bin/bin/../../lib/gcc/pic32c/8.3.1/../../../../pic32c/lib/thumb/v6-m/nofp\libc_nano.a(lib_a-init.o)
 .data          0x00000000        0x0 c:/program files/microchip/xc32/v3.01/bin/bin/../../lib/gcc/pic32c/8.3.1/../../../../pic32c/lib/thumb/v6-m/nofp\libc_nano.a(lib_a-init.o)
 .bss           0x00000000        0x0 c:/program files/microchip/xc32/v3.01/bin/bin/../../lib/gcc/pic32c/8.3.1/../../../../pic32c/lib/thumb/v6-m/nofp\libc_nano.a(lib_a-init.o)
 .xc_stack_usage
                0x00000000       0x1f c:/program files/microchip/xc32/v3.01/bin/bin/../../lib/gcc/pic32c/8.3.1/../../../../pic32c/lib/thumb/v6-m/nofp\libc_nano.a(lib_a-init.o)
 .xc_stack_usage.hdr
                0x00000000        0xe c:/program files/microchip/xc32/v3.01/bin/bin/../../lib/gcc/pic32c/8.3.1/../../../../pic32c/lib/thumb/v6-m/nofp\libc_nano.a(lib_a-init.o)
 .text          0x00000000        0x0 c:/program files/microchip/xc32/v3.01/bin/bin/../../lib/gcc/pic32c/8.3.1/../../../../pic32c/lib/thumb/v6-m/nofp\libc_nano.a(lib_a-memcpy-stub.o)
 .data          0x00000000        0x0 c:/program files/microchip/xc32/v3.01/bin/bin/../../lib/gcc/pic32c/8.3.1/../../../../pic32c/lib/thumb/v6-m/nofp\libc_nano.a(lib_a-memcpy-stub.o)
 .bss           0x00000000        0x0 c:/program files/microchip/xc32/v3.01/bin/bin/../../lib/gcc/pic32c/8.3.1/../../../../pic32c/lib/thumb/v6-m/nofp\libc_nano.a(lib_a-memcpy-stub.o)
 .xc_stack_usage
                0x00000000       0x14 c:/program files/microchip/xc32/v3.01/bin/bin/../../lib/gcc/pic32c/8.3.1/../../../../pic32c/lib/thumb/v6-m/nofp\libc_nano.a(lib_a-memcpy-stub.o)
 .text.memcpy   0x00000000       0x12 c:/program files/microchip/xc32/v3.01/bin/bin/../../lib/gcc/pic32c/8.3.1/../../../../pic32c/lib/thumb/v6-m/nofp\libc_nano.a(lib_a-memcpy-stub.o)
 .xc_stack_usage.hdr
                0x00000000        0xe c:/program files/microchip/xc32/v3.01/bin/bin/../../lib/gcc/pic32c/8.3.1/../../../../pic32c/lib/thumb/v6-m/nofp\libc_nano.a(lib_a-memcpy-stub.o)
 .comment       0x00000000       0x54 c:/program files/microchip/xc32/v3.01/bin/bin/../../lib/gcc/pic32c/8.3.1/../../../../pic32c/lib/thumb/v6-m/nofp\libc_nano.a(lib_a-memcpy-stub.o)
 .ARM.attributes
                0x00000000       0x2c c:/program files/microchip/xc32/v3.01/bin/bin/../../lib/gcc/pic32c/8.3.1/../../../../pic32c/lib/thumb/v6-m/nofp\libc_nano.a(lib_a-memcpy-stub.o)
 .text          0x00000000        0x0 c:/program files/microchip/xc32/v3.01/bin/bin/../../lib/gcc/pic32c/8.3.1/thumb/v6-m/nofp/crtend.o
 .data          0x00000000        0x0 c:/program files/microchip/xc32/v3.01/bin/bin/../../lib/gcc/pic32c/8.3.1/thumb/v6-m/nofp/crtend.o
 .bss           0x00000000        0x0 c:/program files/microchip/xc32/v3.01/bin/bin/../../lib/gcc/pic32c/8.3.1/thumb/v6-m/nofp/crtend.o
 .eh_frame      0x00000000        0x4 c:/program files/microchip/xc32/v3.01/bin/bin/../../lib/gcc/pic32c/8.3.1/thumb/v6-m/nofp/crtend.o
 .xc_stack_usage.hdr
                0x00000000        0xe c:/program files/microchip/xc32/v3.01/bin/bin/../../lib/gcc/pic32c/8.3.1/thumb/v6-m/nofp/crtend.o
 .comment       0x00000000       0x54 c:/program files/microchip/xc32/v3.01/bin/bin/../../lib/gcc/pic32c/8.3.1/thumb/v6-m/nofp/crtend.o
 .ARM.attributes
                0x00000000       0x2c c:/program files/microchip/xc32/v3.01/bin/bin/../../lib/gcc/pic32c/8.3.1/thumb/v6-m/nofp/crtend.o
 .text          0x00000000        0x0 c:/program files/microchip/xc32/v3.01/bin/bin/../../lib/gcc/pic32c/8.3.1/thumb/v6-m/nofp/crtn.o
 .data          0x00000000        0x0 c:/program files/microchip/xc32/v3.01/bin/bin/../../lib/gcc/pic32c/8.3.1/thumb/v6-m/nofp/crtn.o
 .bss           0x00000000        0x0 c:/program files/microchip/xc32/v3.01/bin/bin/../../lib/gcc/pic32c/8.3.1/thumb/v6-m/nofp/crtn.o
 .xc_stack_usage.hdr
                0x00000000        0xe c:/program files/microchip/xc32/v3.01/bin/bin/../../lib/gcc/pic32c/8.3.1/thumb/v6-m/nofp/crtn.o

Memory Configuration

Name             Origin             Length             Attributes
rom              0x00000000         0x00040000         xrl
ram              0x20000000         0x00008000         xw !r
config_00804000  0x00804000         0x00000004
config_00804004  0x00804004         0x00000004
*default*        0x00000000         0xffffffff

Linker script and memory map

LOAD c:/program files/microchip/xc32/v3.01/bin/bin/../../lib/gcc/pic32c/8.3.1/thumb/v6-m/nofp/crti.o
LOAD c:/program files/microchip/xc32/v3.01/bin/bin/../../lib/gcc/pic32c/8.3.1/thumb/v6-m/nofp/crtbegin.o
LOAD build/sam_d21_xpro/production/_ext/600686086/plib_clock.o
LOAD build/sam_d21_xpro/production/_ext/602835572/plib_evsys.o
LOAD build/sam_d21_xpro/production/_ext/2097924074/plib_nvic.o
LOAD build/sam_d21_xpro/production/_ext/1104193656/plib_nvmctrl.o
LOAD build/sam_d21_xpro/production/_ext/2097977225/plib_port.o
LOAD build/sam_d21_xpro/production/_ext/2010531239/plib_rtc_timer.o
LOAD build/sam_d21_xpro/production/_ext/1136425057/plib_sercom3_usart.o
LOAD build/sam_d21_xpro/production/_ext/1497164574/xc32_monitor.o
LOAD build/sam_d21_xpro/production/_ext/64933838/datastreamer_UART_sam.o
LOAD build/sam_d21_xpro/production/_ext/1497955284/touch.o
LOAD build/sam_d21_xpro/production/_ext/1497955284/touch_example.o
LOAD build/sam_d21_xpro/production/_ext/128142748/initialization.o
LOAD build/sam_d21_xpro/production/_ext/128142748/interrupts.o
LOAD build/sam_d21_xpro/production/_ext/128142748/exceptions.o
LOAD build/sam_d21_xpro/production/_ext/128142748/startup_xc32.o
LOAD build/sam_d21_xpro/production/_ext/128142748/libc_syscalls.o
LOAD build/sam_d21_xpro/production/_ext/1360937237/main.o
LOAD ..\src\config\sam_d21_xpro\touch\lib\qtm_acq_samd21_0x0024.X.a
LOAD ..\src\config\sam_d21_xpro\touch\lib\qtm_touch_key_cm0p_0x0002.X.a
LOAD ..\src\config\sam_d21_xpro\touch\lib\qtm_scroller_cm0p_0x000b.X.a
LOAD ..\src\config\sam_d21_xpro\touch\lib\qtm_freq_hop_auto_cm0p_0x0004.X.a
                0x00000001                __MPLAB_BUILD = 0x1
                0x00040000                __rom_end = (ORIGIN (rom) + LENGTH (rom))
                0x20008000                __ram_end = (ORIGIN (ram) + LENGTH (ram))

.config_00804000
                0x00804000        0x4
 *(.config_00804000)
 .config_00804000
                0x00804000        0x4 build/sam_d21_xpro/production/_ext/128142748/initialization.o
                0x00804000                __config_00804000

.config_00804004
                0x00804004        0x4
 *(.config_00804004)
 .config_00804004
                0x00804004        0x4 build/sam_d21_xpro/production/_ext/128142748/initialization.o
                0x00804004                __config_00804004

.vectors        0x00000000       0xb0
                0x00000000                . = ALIGN (0x4)
                0x00000000                _sfixed = .
 *(.vectors .vectors.* .vectors_default .vectors_default.*)
 .vectors       0x00000000       0xb0 build/sam_d21_xpro/production/_ext/128142748/interrupts.o
                0x00000000                exception_table
 *(.isr_vector)
 *(.reset*)
 *(.after_vectors)

.text           0x000000b0       0x20
                0x000000b0                . = ALIGN (0x4)
 *(.glue_7t)
 .glue_7t       0x000000b0        0x0 linker stubs
 *(.glue_7)
 .glue_7        0x000000b0        0x0 linker stubs
 *(.gnu.linkonce.r.*)
 *(.ARM.extab* .gnu.linkonce.armextab.*)
                0x000000b0                . = ALIGN (0x4)
 *(.init)
 .init          0x000000b0        0x4 c:/program files/microchip/xc32/v3.01/bin/bin/../../lib/gcc/pic32c/8.3.1/thumb/v6-m/nofp/crti.o
                0x000000b0                _init
 .init          0x000000b4        0x8 c:/program files/microchip/xc32/v3.01/bin/bin/../../lib/gcc/pic32c/8.3.1/thumb/v6-m/nofp/crtn.o
                0x000000bc                . = ALIGN (0x4)
                0x000000bc                __preinit_array_start = .
 *(.preinit_array)
                0x000000bc                __preinit_array_end = .
                0x000000bc                . = ALIGN (0x4)
                0x000000bc                __init_array_start = .
 *(SORT_BY_NAME(.init_array.*))
 *(.init_array)
 .init_array    0x000000bc        0x4 c:/program files/microchip/xc32/v3.01/bin/bin/../../lib/gcc/pic32c/8.3.1/thumb/v6-m/nofp/crtbegin.o
                0x000000c0                __init_array_end = .
                0x000000c0                . = ALIGN (0x4)
 *crtbegin.o(.ctors)
 *(EXCLUDE_FILE(*crtend.o) .ctors)
 *(SORT_BY_NAME(.ctors.*))
 *crtend.o(.ctors)
                0x000000c0                . = ALIGN (0x4)
 *(.fini)
 .fini          0x000000c0        0x4 c:/program files/microchip/xc32/v3.01/bin/bin/../../lib/gcc/pic32c/8.3.1/thumb/v6-m/nofp/crti.o
                0x000000c0                _fini
 .fini          0x000000c4        0x8 c:/program files/microchip/xc32/v3.01/bin/bin/../../lib/gcc/pic32c/8.3.1/thumb/v6-m/nofp/crtn.o
                0x000000cc                . = ALIGN (0x4)
                0x000000cc                __fini_array_start = .
 *(.fini_array)
 .fini_array    0x000000cc        0x4 c:/program files/microchip/xc32/v3.01/bin/bin/../../lib/gcc/pic32c/8.3.1/thumb/v6-m/nofp/crtbegin.o
 *(SORT_BY_NAME(.fini_array.*))
                0x000000d0                __fini_array_end = .
 *crtbegin.o(.dtors)
 *(EXCLUDE_FILE(*crtend.o) .dtors)
 *(SORT_BY_NAME(.dtors.*))
 *crtend.o(.dtors)
                0x000000d0                . = ALIGN (0x4)
                0x000000d0                _efixed = .
                [!provide]                PROVIDE (__exidx_start = .)

.ARM.exidx
 *(.ARM.exidx* .gnu.linkonce.armexidx.*)
                [!provide]                PROVIDE (__exidx_end = .)
                0x000000d0                . = ALIGN (0x4)
                0x000000d0                _etext = .

.bss            0x20000000      0x144
                0x20000000                . = ALIGN (0x4)
                0x20000000                __bss_start__ = .
                0x20000000                _sbss = .
                0x20000000                _szero = .
 *(COMMON)
 COMMON         0x20000000        0xc build/sam_d21_xpro/production/_ext/2010531239/plib_rtc_timer.o
                0x20000000                rtcObj
 COMMON         0x2000000c      0x128 build/sam_d21_xpro/production/_ext/1497955284/touch.o
                0x2000000c                noise_filter_buffer
                0x20000048                qtlib_key_grp_data_set1
                0x20000050                freq_hop_autotune_counters
                0x20000054                ptc_qtlib_node_stat1
                0x20000090                qtm_scroller_data1
                0x200000a4                touch_acq_signals_raw
                0x200000b8                qtlib_key_data_set1
                0x20000130                rtc_context
 COMMON         0x20000134        0x1 build/sam_d21_xpro/production/_ext/1360937237/main.o
                0x20000134                slider_position
 *fill*         0x20000135        0x3 
 COMMON         0x20000138        0xc ..\src\config\sam_d21_xpro\touch\lib\qtm_acq_samd21_0x0024.X.a(sam_acq_x_samd21.o)
                0x20000138                p_qtm_drivenshield_config
                0x2000013c                qtm_acquisition_control_working_set_ptr
                0x20000140                qtm_raw_data_measurements_ptr
                0x20000144                . = ALIGN (0x4)
                0x20000144                __bss_end__ = .
                0x20000144                _ebss = .
                0x20000144                _ezero = .
                0x20000144                . = ALIGN (0x4)
                0x20000144                _end = .
                0x20007fff                _ram_end_ = ((ORIGIN (ram) + LENGTH (ram)) - 0x1)
                0x00000200                _min_heap_size = 0x200
START GROUP
LOAD c:/program files/microchip/xc32/v3.01/bin/bin/../../lib/gcc/pic32c/8.3.1/../../../../pic32c/lib/thumb/v6-m/nofp\libpic32c.a
LOAD c:/program files/microchip/xc32/v3.01/bin/bin/../../lib/gcc/pic32c/8.3.1/thumb/v6-m/nofp\libgcc.a
LOAD c:/program files/microchip/xc32/v3.01/bin/bin/../../lib/gcc/pic32c/8.3.1/../../../../pic32c/lib/thumb/v6-m/nofp\libm_nano.a
LOAD c:/program files/microchip/xc32/v3.01/bin/bin/../../lib/gcc/pic32c/8.3.1/../../../../pic32c/lib/thumb/v6-m/nofp\libc_nano.a
END GROUP
LOAD c:/program files/microchip/xc32/v3.01/bin/bin/../../lib/gcc/pic32c/8.3.1/thumb/v6-m/nofp/crtend.o
LOAD c:/program files/microchip/xc32/v3.01/bin/bin/../../lib/gcc/pic32c/8.3.1/thumb/v6-m/nofp/crtn.o
OUTPUT(dist/sam_d21_xpro/production/sam_d21_xpro.X.production.elf elf32-littlearm)
LOAD stack
LOAD data_init

.ARM.attributes
                0x00000000       0x2a
 .ARM.attributes
                0x00000000       0x1e c:/program files/microchip/xc32/v3.01/bin/bin/../../lib/gcc/pic32c/8.3.1/thumb/v6-m/nofp/crti.o
 .ARM.attributes
                0x0000001e       0x2c c:/program files/microchip/xc32/v3.01/bin/bin/../../lib/gcc/pic32c/8.3.1/thumb/v6-m/nofp/crtbegin.o
 .ARM.attributes
                0x0000004a       0x2c build/sam_d21_xpro/production/_ext/600686086/plib_clock.o
 .ARM.attributes
                0x00000076       0x2c build/sam_d21_xpro/production/_ext/602835572/plib_evsys.o
 .ARM.attributes
                0x000000a2       0x2c build/sam_d21_xpro/production/_ext/2097924074/plib_nvic.o
 .ARM.attributes
                0x000000ce       0x2c build/sam_d21_xpro/production/_ext/1104193656/plib_nvmctrl.o
 .ARM.attributes
                0x000000fa       0x2c build/sam_d21_xpro/production/_ext/2097977225/plib_port.o
 .ARM.attributes
                0x00000126       0x2c build/sam_d21_xpro/production/_ext/2010531239/plib_rtc_timer.o
 .ARM.attributes
                0x00000152       0x2c build/sam_d21_xpro/production/_ext/1136425057/plib_sercom3_usart.o
 .ARM.attributes
                0x0000017e       0x2c build/sam_d21_xpro/production/_ext/64933838/datastreamer_UART_sam.o
 .ARM.attributes
                0x000001aa       0x2c build/sam_d21_xpro/production/_ext/1497955284/touch.o
 .ARM.attributes
                0x000001d6       0x2c build/sam_d21_xpro/production/_ext/128142748/initialization.o
 .ARM.attributes
                0x00000202       0x2c build/sam_d21_xpro/production/_ext/128142748/interrupts.o
 .ARM.attributes
                0x0000022e       0x2c build/sam_d21_xpro/production/_ext/128142748/exceptions.o
 .ARM.attributes
                0x0000025a       0x2c build/sam_d21_xpro/production/_ext/128142748/startup_xc32.o
 .ARM.attributes
                0x00000286       0x2c build/sam_d21_xpro/production/_ext/1360937237/main.o
 .ARM.attributes
                0x000002b2       0x2c ..\src\config\sam_d21_xpro\touch\lib\qtm_acq_samd21_0x0024.X.a(sam_acq_x_samd21.o)
 .ARM.attributes
                0x000002de       0x2c ..\src\config\sam_d21_xpro\touch\lib\qtm_touch_key_cm0p_0x0002.X.a(sam_touch_key_x_cm0p.o)
 .ARM.attributes
                0x0000030a       0x2c ..\src\config\sam_d21_xpro\touch\lib\qtm_scroller_cm0p_0x000b.X.a(sam_scroller_x_cm0p.o)
 .ARM.attributes
                0x00000336       0x2c ..\src\config\sam_d21_xpro\touch\lib\qtm_freq_hop_auto_cm0p_0x0004.X.a(sam_freq_hop_auto_x_cm0p.o)
 .ARM.attributes
                0x00000362       0x2c c:/program files/microchip/xc32/v3.01/bin/bin/../../lib/gcc/pic32c/8.3.1/../../../../pic32c/lib/thumb/v6-m/nofp\libpic32c.a(data_init.o)
 .ARM.attributes
                0x0000038e       0x1e c:/program files/microchip/xc32/v3.01/bin/bin/../../lib/gcc/pic32c/8.3.1/thumb/v6-m/nofp\libgcc.a(_thumb1_case_uhi.o)
 .ARM.attributes
                0x000003ac       0x2c c:/program files/microchip/xc32/v3.01/bin/bin/../../lib/gcc/pic32c/8.3.1/../../../../pic32c/lib/thumb/v6-m/nofp\libc_nano.a(lib_a-init.o)
 .ARM.attributes
                0x000003d8       0x1e c:/program files/microchip/xc32/v3.01/bin/bin/../../lib/gcc/pic32c/8.3.1/thumb/v6-m/nofp/crtn.o

.comment        0x00000000       0xcb
 .comment       0x00000000       0x53 c:/program files/microchip/xc32/v3.01/bin/bin/../../lib/gcc/pic32c/8.3.1/thumb/v6-m/nofp/crtbegin.o
                                 0x54 (size before relaxing)
 .comment       0x00000053       0x54 build/sam_d21_xpro/production/_ext/600686086/plib_clock.o
 .comment       0x00000053       0x54 build/sam_d21_xpro/production/_ext/602835572/plib_evsys.o
 .comment       0x00000053       0x54 build/sam_d21_xpro/production/_ext/2097924074/plib_nvic.o
 .comment       0x00000053       0x54 build/sam_d21_xpro/production/_ext/1104193656/plib_nvmctrl.o
 .comment       0x00000053       0x54 build/sam_d21_xpro/production/_ext/2097977225/plib_port.o
 .comment       0x00000053       0x54 build/sam_d21_xpro/production/_ext/2010531239/plib_rtc_timer.o
 .comment       0x00000053       0x54 build/sam_d21_xpro/production/_ext/1136425057/plib_sercom3_usart.o
 .comment       0x00000053       0x54 build/sam_d21_xpro/production/_ext/64933838/datastreamer_UART_sam.o
 .comment       0x00000053       0x54 build/sam_d21_xpro/production/_ext/1497955284/touch.o
 .comment       0x00000053       0x54 build/sam_d21_xpro/production/_ext/128142748/initialization.o
 .comment       0x00000053       0x54 build/sam_d21_xpro/production/_ext/128142748/interrupts.o
 .comment       0x00000053       0x54 build/sam_d21_xpro/production/_ext/128142748/exceptions.o
 .comment       0x00000053       0x54 build/sam_d21_xpro/production/_ext/128142748/startup_xc32.o
 .comment       0x00000053       0x54 build/sam_d21_xpro/production/_ext/1360937237/main.o
 .comment       0x00000053       0x3c ..\src\config\sam_d21_xpro\touch\lib\qtm_acq_samd21_0x0024.X.a(sam_acq_x_samd21.o)
                                 0x3d (size before relaxing)
 .comment       0x0000008f       0x3c ..\src\config\sam_d21_xpro\touch\lib\qtm_touch_key_cm0p_0x0002.X.a(sam_touch_key_x_cm0p.o)
                                 0x3d (size before relaxing)
 .comment       0x000000cb       0x3d ..\src\config\sam_d21_xpro\touch\lib\qtm_scroller_cm0p_0x000b.X.a(sam_scroller_x_cm0p.o)
 .comment       0x000000cb       0x3d ..\src\config\sam_d21_xpro\touch\lib\qtm_freq_hop_auto_cm0p_0x0004.X.a(sam_freq_hop_auto_x_cm0p.o)
 .comment       0x000000cb       0x54 c:/program files/microchip/xc32/v3.01/bin/bin/../../lib/gcc/pic32c/8.3.1/../../../../pic32c/lib/thumb/v6-m/nofp\libpic32c.a(data_init.o)
 .comment       0x000000cb       0x54 c:/program files/microchip/xc32/v3.01/bin/bin/../../lib/gcc/pic32c/8.3.1/../../../../pic32c/lib/thumb/v6-m/nofp\libc_nano.a(lib_a-init.o)

.debug_info     0x00000000     0xcd69
 .debug_info    0x00000000      0xb56 build/sam_d21_xpro/production/_ext/600686086/plib_clock.o
 .debug_info    0x00000b56      0x32d build/sam_d21_xpro/production/_ext/602835572/plib_evsys.o
 .debug_info    0x00000e83      0xa9b build/sam_d21_xpro/production/_ext/2097924074/plib_nvic.o
 .debug_info    0x0000191e     0x1490 build/sam_d21_xpro/production/_ext/1104193656/plib_nvmctrl.o
 .debug_info    0x00002dae      0xd96 build/sam_d21_xpro/production/_ext/2097977225/plib_port.o
 .debug_info    0x00003b44     0x178a build/sam_d21_xpro/production/_ext/2010531239/plib_rtc_timer.o
 .debug_info    0x000052ce     0x14fa build/sam_d21_xpro/production/_ext/1136425057/plib_sercom3_usart.o
 .debug_info    0x000067c8     0x135f build/sam_d21_xpro/production/_ext/64933838/datastreamer_UART_sam.o
 .debug_info    0x00007b27     0x24ec build/sam_d21_xpro/production/_ext/1497955284/touch.o
 .debug_info    0x0000a013      0x635 build/sam_d21_xpro/production/_ext/128142748/initialization.o
 .debug_info    0x0000a648      0x893 build/sam_d21_xpro/production/_ext/128142748/interrupts.o
 .debug_info    0x0000aedb      0x351 build/sam_d21_xpro/production/_ext/128142748/exceptions.o
 .debug_info    0x0000b22c      0x4d3 build/sam_d21_xpro/production/_ext/128142748/startup_xc32.o
 .debug_info    0x0000b6ff     0x1381 build/sam_d21_xpro/production/_ext/1360937237/main.o
 .debug_info    0x0000ca80      0x2c3 c:/program files/microchip/xc32/v3.01/bin/bin/../../lib/gcc/pic32c/8.3.1/../../../../pic32c/lib/thumb/v6-m/nofp\libpic32c.a(data_init.o)
 .debug_info    0x0000cd43       0x26 c:/program files/microchip/xc32/v3.01/bin/bin/../../lib/gcc/pic32c/8.3.1/thumb/v6-m/nofp\libgcc.a(_thumb1_case_uhi.o)

.debug_abbrev   0x00000000     0x16e5
 .debug_abbrev  0x00000000      0x170 build/sam_d21_xpro/production/_ext/600686086/plib_clock.o
 .debug_abbrev  0x00000170       0x3b build/sam_d21_xpro/production/_ext/602835572/plib_evsys.o
 .debug_abbrev  0x000001ab      0x1e1 build/sam_d21_xpro/production/_ext/2097924074/plib_nvic.o
 .debug_abbrev  0x0000038c      0x2b8 build/sam_d21_xpro/production/_ext/1104193656/plib_nvmctrl.o
 .debug_abbrev  0x00000644      0x1d6 build/sam_d21_xpro/production/_ext/2097977225/plib_port.o
 .debug_abbrev  0x0000081a      0x2b5 build/sam_d21_xpro/production/_ext/2010531239/plib_rtc_timer.o
 .debug_abbrev  0x00000acf      0x2a1 build/sam_d21_xpro/production/_ext/1136425057/plib_sercom3_usart.o
 .debug_abbrev  0x00000d70      0x15b build/sam_d21_xpro/production/_ext/64933838/datastreamer_UART_sam.o
 .debug_abbrev  0x00000ecb      0x28b build/sam_d21_xpro/production/_ext/1497955284/touch.o
 .debug_abbrev  0x00001156       0xda build/sam_d21_xpro/production/_ext/128142748/initialization.o
 .debug_abbrev  0x00001230       0xa6 build/sam_d21_xpro/production/_ext/128142748/interrupts.o
 .debug_abbrev  0x000012d6       0x3e build/sam_d21_xpro/production/_ext/128142748/exceptions.o
 .debug_abbrev  0x00001314      0x11f build/sam_d21_xpro/production/_ext/128142748/startup_xc32.o
 .debug_abbrev  0x00001433      0x270 build/sam_d21_xpro/production/_ext/1360937237/main.o
 .debug_abbrev  0x000016a3       0x2e c:/program files/microchip/xc32/v3.01/bin/bin/../../lib/gcc/pic32c/8.3.1/../../../../pic32c/lib/thumb/v6-m/nofp\libpic32c.a(data_init.o)
 .debug_abbrev  0x000016d1       0x14 c:/program files/microchip/xc32/v3.01/bin/bin/../../lib/gcc/pic32c/8.3.1/thumb/v6-m/nofp\libgcc.a(_thumb1_case_uhi.o)

.debug_loc      0x00000000     0x1292
 .debug_loc     0x00000000       0xff build/sam_d21_xpro/production/_ext/600686086/plib_clock.o
 .debug_loc     0x000000ff       0x9c build/sam_d21_xpro/production/_ext/2097924074/plib_nvic.o
 .debug_loc     0x0000019b      0x2f9 build/sam_d21_xpro/production/_ext/1104193656/plib_nvmctrl.o
 .debug_loc     0x00000494      0x226 build/sam_d21_xpro/production/_ext/2097977225/plib_port.o
 .debug_loc     0x000006ba       0x20 build/sam_d21_xpro/production/_ext/2010531239/plib_rtc_timer.o
 .debug_loc     0x000006da      0x59f build/sam_d21_xpro/production/_ext/1136425057/plib_sercom3_usart.o
 .debug_loc     0x00000c79      0x15a build/sam_d21_xpro/production/_ext/64933838/datastreamer_UART_sam.o
 .debug_loc     0x00000dd3      0x3c4 build/sam_d21_xpro/production/_ext/1497955284/touch.o
 .debug_loc     0x00001197       0x45 build/sam_d21_xpro/production/_ext/128142748/initialization.o
 .debug_loc     0x000011dc       0x20 build/sam_d21_xpro/production/_ext/128142748/startup_xc32.o
 .debug_loc     0x000011fc       0x82 build/sam_d21_xpro/production/_ext/1360937237/main.o
 .debug_loc     0x0000127e       0x14 c:/program files/microchip/xc32/v3.01/bin/bin/../../lib/gcc/pic32c/8.3.1/../../../../pic32c/lib/thumb/v6-m/nofp\libpic32c.a(data_init.o)

.debug_aranges  0x00000000      0x430
 .debug_aranges
                0x00000000       0x20 build/sam_d21_xpro/production/_ext/600686086/plib_clock.o
 .debug_aranges
                0x00000020       0x20 build/sam_d21_xpro/production/_ext/602835572/plib_evsys.o
 .debug_aranges
                0x00000040       0x38 build/sam_d21_xpro/production/_ext/2097924074/plib_nvic.o
 .debug_aranges
                0x00000078       0x70 build/sam_d21_xpro/production/_ext/1104193656/plib_nvmctrl.o
 .debug_aranges
                0x000000e8       0x70 build/sam_d21_xpro/production/_ext/2097977225/plib_port.o
 .debug_aranges
                0x00000158       0x78 build/sam_d21_xpro/production/_ext/2010531239/plib_rtc_timer.o
 .debug_aranges
                0x000001d0       0x98 build/sam_d21_xpro/production/_ext/1136425057/plib_sercom3_usart.o
 .debug_aranges
                0x00000268       0x30 build/sam_d21_xpro/production/_ext/64933838/datastreamer_UART_sam.o
 .debug_aranges
                0x00000298       0xa8 build/sam_d21_xpro/production/_ext/1497955284/touch.o
 .debug_aranges
                0x00000340       0x20 build/sam_d21_xpro/production/_ext/128142748/initialization.o
 .debug_aranges
                0x00000360       0x20 build/sam_d21_xpro/production/_ext/128142748/interrupts.o
 .debug_aranges
                0x00000380       0x28 build/sam_d21_xpro/production/_ext/128142748/exceptions.o
 .debug_aranges
                0x000003a8       0x28 build/sam_d21_xpro/production/_ext/128142748/startup_xc32.o
 .debug_aranges
                0x000003d0       0x20 build/sam_d21_xpro/production/_ext/1360937237/main.o
 .debug_aranges
                0x000003f0       0x20 c:/program files/microchip/xc32/v3.01/bin/bin/../../lib/gcc/pic32c/8.3.1/../../../../pic32c/lib/thumb/v6-m/nofp\libpic32c.a(data_init.o)
 .debug_aranges
                0x00000410       0x20 c:/program files/microchip/xc32/v3.01/bin/bin/../../lib/gcc/pic32c/8.3.1/thumb/v6-m/nofp\libgcc.a(_thumb1_case_uhi.o)

.debug_ranges   0x00000000      0x350
 .debug_ranges  0x00000000       0x28 build/sam_d21_xpro/production/_ext/600686086/plib_clock.o
 .debug_ranges  0x00000028       0x10 build/sam_d21_xpro/production/_ext/602835572/plib_evsys.o
 .debug_ranges  0x00000038       0x28 build/sam_d21_xpro/production/_ext/2097924074/plib_nvic.o
 .debug_ranges  0x00000060       0x60 build/sam_d21_xpro/production/_ext/1104193656/plib_nvmctrl.o
 .debug_ranges  0x000000c0       0x60 build/sam_d21_xpro/production/_ext/2097977225/plib_port.o
 .debug_ranges  0x00000120       0x68 build/sam_d21_xpro/production/_ext/2010531239/plib_rtc_timer.o
 .debug_ranges  0x00000188       0x88 build/sam_d21_xpro/production/_ext/1136425057/plib_sercom3_usart.o
 .debug_ranges  0x00000210       0x20 build/sam_d21_xpro/production/_ext/64933838/datastreamer_UART_sam.o
 .debug_ranges  0x00000230       0x98 build/sam_d21_xpro/production/_ext/1497955284/touch.o
 .debug_ranges  0x000002c8       0x10 build/sam_d21_xpro/production/_ext/128142748/initialization.o
 .debug_ranges  0x000002d8       0x10 build/sam_d21_xpro/production/_ext/128142748/interrupts.o
 .debug_ranges  0x000002e8       0x18 build/sam_d21_xpro/production/_ext/128142748/exceptions.o
 .debug_ranges  0x00000300       0x18 build/sam_d21_xpro/production/_ext/128142748/startup_xc32.o
 .debug_ranges  0x00000318       0x28 build/sam_d21_xpro/production/_ext/1360937237/main.o
 .debug_ranges  0x00000340       0x10 c:/program files/microchip/xc32/v3.01/bin/bin/../../lib/gcc/pic32c/8.3.1/../../../../pic32c/lib/thumb/v6-m/nofp\libpic32c.a(data_init.o)

.debug_line     0x00000000     0x2d19
 .debug_line    0x00000000      0x324 build/sam_d21_xpro/production/_ext/600686086/plib_clock.o
 .debug_line    0x00000324       0x6b build/sam_d21_xpro/production/_ext/602835572/plib_evsys.o
 .debug_line    0x0000038f      0x331 build/sam_d21_xpro/production/_ext/2097924074/plib_nvic.o
 .debug_line    0x000006c0      0x3a9 build/sam_d21_xpro/production/_ext/1104193656/plib_nvmctrl.o
 .debug_line    0x00000a69      0x361 build/sam_d21_xpro/production/_ext/2097977225/plib_port.o
 .debug_line    0x00000dca      0x407 build/sam_d21_xpro/production/_ext/2010531239/plib_rtc_timer.o
 .debug_line    0x000011d1      0x6a5 build/sam_d21_xpro/production/_ext/1136425057/plib_sercom3_usart.o
 .debug_line    0x00001876      0x3ae build/sam_d21_xpro/production/_ext/64933838/datastreamer_UART_sam.o
 .debug_line    0x00001c24      0x547 build/sam_d21_xpro/production/_ext/1497955284/touch.o
 .debug_line    0x0000216b      0x32a build/sam_d21_xpro/production/_ext/128142748/initialization.o
 .debug_line    0x00002495      0x109 build/sam_d21_xpro/production/_ext/128142748/interrupts.o
 .debug_line    0x0000259e       0x73 build/sam_d21_xpro/production/_ext/128142748/exceptions.o
 .debug_line    0x00002611      0x1a8 build/sam_d21_xpro/production/_ext/128142748/startup_xc32.o
 .debug_line    0x000027b9      0x389 build/sam_d21_xpro/production/_ext/1360937237/main.o
 .debug_line    0x00002b42      0x132 c:/program files/microchip/xc32/v3.01/bin/bin/../../lib/gcc/pic32c/8.3.1/../../../../pic32c/lib/thumb/v6-m/nofp\libpic32c.a(data_init.o)
 .debug_line    0x00002c74       0xa5 c:/program files/microchip/xc32/v3.01/bin/bin/../../lib/gcc/pic32c/8.3.1/thumb/v6-m/nofp\libgcc.a(_thumb1_case_uhi.o)

.debug_str      0x00000000      0x6cc
 .debug_str     0x00000000       0x28 build/sam_d21_xpro/production/_ext/600686086/plib_clock.o
 .debug_str     0x00000028        0x0 build/sam_d21_xpro/production/_ext/602835572/plib_evsys.o
 .debug_str     0x00000028        0xa build/sam_d21_xpro/production/_ext/2097924074/plib_nvic.o
 .debug_str     0x00000032       0x1f build/sam_d21_xpro/production/_ext/1104193656/plib_nvmctrl.o
 .debug_str     0x00000051        0xb build/sam_d21_xpro/production/_ext/2097977225/plib_port.o
 .debug_str     0x0000005c       0xb3 build/sam_d21_xpro/production/_ext/2010531239/plib_rtc_timer.o
 .debug_str     0x0000010f       0xf8 build/sam_d21_xpro/production/_ext/1136425057/plib_sercom3_usart.o
 .debug_str     0x00000207       0xa0 build/sam_d21_xpro/production/_ext/64933838/datastreamer_UART_sam.o
 .debug_str     0x000002a7      0x21b build/sam_d21_xpro/production/_ext/1497955284/touch.o
 .debug_str     0x000004c2       0x88 build/sam_d21_xpro/production/_ext/128142748/initialization.o
 .debug_str     0x0000054a        0x0 build/sam_d21_xpro/production/_ext/128142748/interrupts.o
 .debug_str     0x0000054a        0x0 build/sam_d21_xpro/production/_ext/128142748/exceptions.o
 .debug_str     0x0000054a       0x2f build/sam_d21_xpro/production/_ext/128142748/startup_xc32.o
 .debug_str     0x00000579       0x65 build/sam_d21_xpro/production/_ext/1360937237/main.o
 .debug_str     0x000005de        0x0 c:/program files/microchip/xc32/v3.01/bin/bin/../../lib/gcc/pic32c/8.3.1/../../../../pic32c/lib/thumb/v6-m/nofp\libpic32c.a(data_init.o)
 .debug_str     0x000005de       0xee c:/program files/microchip/xc32/v3.01/bin/bin/../../lib/gcc/pic32c/8.3.1/thumb/v6-m/nofp\libgcc.a(_thumb1_case_uhi.o)

.debug_frame    0x00000000      0x724
 .debug_frame   0x00000000       0x20 build/sam_d21_xpro/production/_ext/600686086/plib_clock.o
 .debug_frame   0x00000020       0x20 build/sam_d21_xpro/production/_ext/602835572/plib_evsys.o
 .debug_frame   0x00000040       0x50 build/sam_d21_xpro/production/_ext/2097924074/plib_nvic.o
 .debug_frame   0x00000090       0xd4 build/sam_d21_xpro/production/_ext/1104193656/plib_nvmctrl.o
 .debug_frame   0x00000164       0xcc build/sam_d21_xpro/production/_ext/2097977225/plib_port.o
 .debug_frame   0x00000230       0xd8 build/sam_d21_xpro/production/_ext/2010531239/plib_rtc_timer.o
 .debug_frame   0x00000308      0x140 build/sam_d21_xpro/production/_ext/1136425057/plib_sercom3_usart.o
 .debug_frame   0x00000448       0x58 build/sam_d21_xpro/production/_ext/64933838/datastreamer_UART_sam.o
 .debug_frame   0x000004a0      0x16c build/sam_d21_xpro/production/_ext/1497955284/touch.o
 .debug_frame   0x0000060c       0x28 build/sam_d21_xpro/production/_ext/128142748/initialization.o
 .debug_frame   0x00000634       0x20 build/sam_d21_xpro/production/_ext/128142748/interrupts.o
 .debug_frame   0x00000654       0x30 build/sam_d21_xpro/production/_ext/128142748/exceptions.o
 .debug_frame   0x00000684       0x38 build/sam_d21_xpro/production/_ext/128142748/startup_xc32.o
 .debug_frame   0x000006bc       0x34 build/sam_d21_xpro/production/_ext/1360937237/main.o
 .debug_frame   0x000006f0       0x34 c:/program files/microchip/xc32/v3.01/bin/bin/../../lib/gcc/pic32c/8.3.1/../../../../pic32c/lib/thumb/v6-m/nofp\libpic32c.a(data_init.o)

.stack          0x200004a8      0x100
 .stack         0x200004a8      0x100 stack

.data.ptc_seq_node_cfg1%1
                0x20000144       0x50
 .data.ptc_seq_node_cfg1
                0x20000144       0x50 build/sam_d21_xpro/production/_ext/1497955284/touch.o
                0x20000144                ptc_seq_node_cfg1

.data.qtlib_key_configs_set1%2
                0x20000194       0x1e
 .data.qtlib_key_configs_set1
                0x20000194       0x1e build/sam_d21_xpro/production/_ext/1497955284/touch.o
                0x20000194                qtlib_key_configs_set1

.bss%3          0x200001b4       0x1c
 .bss           0x200001b4       0x1c c:/program files/microchip/xc32/v3.01/bin/bin/../../lib/gcc/pic32c/8.3.1/thumb/v6-m/nofp/crtbegin.o

.data.qtm_scroller_config1%4
                0x200001d0       0x14
 .data.qtm_scroller_config1
                0x200001d0       0x14 build/sam_d21_xpro/production/_ext/1497955284/touch.o
                0x200001d0                qtm_scroller_config1

.bss%5          0x200001e4       0x14
 .bss           0x200001e4       0x14 ..\src\config\sam_d21_xpro\touch\lib\qtm_acq_samd21_0x0024.X.a(sam_acq_x_samd21.o)
                0x200001e4                current_measure_channel

.data.data%6    0x200001f8       0x13
 .data.data     0x200001f8       0x13 build/sam_d21_xpro/production/_ext/64933838/datastreamer_UART_sam.o
                0x200001f8                data

.data.qtlib_key_set1%7
                0x2000020c       0x10
 .data.qtlib_key_set1
                0x2000020c       0x10 build/sam_d21_xpro/production/_ext/1497955284/touch.o
                0x2000020c                qtlib_key_set1

.data.qtm_freq_hop_autotune_config1%8
                0x2000021c       0x10
 .data.qtm_freq_hop_autotune_config1
                0x2000021c       0x10 build/sam_d21_xpro/production/_ext/1497955284/touch.o
                0x2000021c                qtm_freq_hop_autotune_config1

.data.qtm_freq_hop_autotune_data1%9
                0x2000022c       0x10
 .data.qtm_freq_hop_autotune_data1
                0x2000022c       0x10 build/sam_d21_xpro/production/_ext/1497955284/touch.o
                0x2000022c                qtm_freq_hop_autotune_data1

.data.qtm_scroller_control1%10
                0x2000023c       0x10
 .data.qtm_scroller_control1
                0x2000023c       0x10 build/sam_d21_xpro/production/_ext/1497955284/touch.o
                0x2000023c                qtm_scroller_control1

.data.qtlib_acq_set1%11
                0x2000024c        0xc
 .data.qtlib_acq_set1
                0x2000024c        0xc build/sam_d21_xpro/production/_ext/1497955284/touch.o
                0x2000024c                qtlib_acq_set1

.data.qtlib_key_grp_config_set1%12
                0x20000258        0xa
 .data.qtlib_key_grp_config_set1
                0x20000258        0xa build/sam_d21_xpro/production/_ext/1497955284/touch.o
                0x20000258                qtlib_key_grp_config_set1

.data.qtm_freq_hop_autotune_control1%13
                0x20000264        0x8
 .data.qtm_freq_hop_autotune_control1
                0x20000264        0x8 build/sam_d21_xpro/production/_ext/1497955284/touch.o
                0x20000264                qtm_freq_hop_autotune_control1

.data.qtm_scroller_group_config1%14
                0x2000026c        0x8
 .data.qtm_scroller_group_config1
                0x2000026c        0x8 build/sam_d21_xpro/production/_ext/1497955284/touch.o
                0x2000026c                qtm_scroller_group_config1

.data.ptc_qtlib_acq_gen1%15
                0x20000274        0x6
 .data.ptc_qtlib_acq_gen1
                0x20000274        0x6 build/sam_d21_xpro/production/_ext/1497955284/touch.o
                0x20000274                ptc_qtlib_acq_gen1

.bss%16         0x2000027c        0x4
 .bss           0x2000027c        0x4 c:/program files/microchip/xc32/v3.01/bin/bin/../../lib/gcc/pic32c/8.3.1/../../../../pic32c/lib/thumb/v6-m/nofp\libpic32c.a(data_init.o)

.data.freq_hop_delay_selection%17
                0x20000280        0x3
 .data.freq_hop_delay_selection
                0x20000280        0x3 build/sam_d21_xpro/production/_ext/1497955284/touch.o
                0x20000280                freq_hop_delay_selection

.bss%18         0x200001b2        0x2
 .bss           0x200001b2        0x2 ..\src\config\sam_d21_xpro\touch\lib\qtm_touch_key_cm0p_0x0002.X.a(sam_touch_key_x_cm0p.o)
                0x200001b2                qtm_local_ms_timecount

.bss.qtm_scroller_group_data1%19
                0x20000284        0x1
 .bss.qtm_scroller_group_data1
                0x20000284        0x1 build/sam_d21_xpro/production/_ext/1497955284/touch.o
                0x20000284                qtm_scroller_group_data1

.bss.sequence.6169%20
                0x2000020b        0x1
 .bss.sequence.6169
                0x2000020b        0x1 build/sam_d21_xpro/production/_ext/64933838/datastreamer_UART_sam.o

.bss.measurement_done_touch%21
                0x20000283        0x1
 .bss.measurement_done_touch
                0x20000283        0x1 build/sam_d21_xpro/production/_ext/1497955284/touch.o
                0x20000283                measurement_done_touch

.bss.module_error_code%22
                0x20000262        0x1
 .bss.module_error_code
                0x20000262        0x1 build/sam_d21_xpro/production/_ext/1497955284/touch.o
                0x20000262                module_error_code

.bss.time_to_measure_touch_var%23
                0x20000263        0x1
 .bss.time_to_measure_touch_var
                0x20000263        0x1 build/sam_d21_xpro/production/_ext/1497955284/touch.o
                0x20000263                time_to_measure_touch_var

.bss.touch_postprocess_request%24
                0x2000027a        0x1
 .bss.touch_postprocess_request
                0x2000027a        0x1 build/sam_d21_xpro/production/_ext/1497955284/touch.o
                0x2000027a                touch_postprocess_request

.bss.PWM_Count%25
                0x2000027b        0x1
 .bss.PWM_Count
                0x2000027b        0x1 build/sam_d21_xpro/production/_ext/1360937237/main.o
                0x2000027b                PWM_Count

.bss.rotor_position%26
                0x20000285        0x1
 .bss.rotor_position
                0x20000285        0x1 build/sam_d21_xpro/production/_ext/1360937237/main.o
                0x20000285                rotor_position

.bss.rotor_state%27
                0x20000286        0x1
 .bss.rotor_state
                0x20000286        0x1 build/sam_d21_xpro/production/_ext/1360937237/main.o
                0x20000286                rotor_state

.data%28        0x20000287        0x1
 .data          0x20000287        0x1 ..\src\config\sam_d21_xpro\touch\lib\qtm_acq_samd21_0x0024.X.a(sam_acq_x_samd21.o)
                0x20000287                qtm_which_mode_current

.eh_frame%z1    0x00000000        0x0
 .eh_frame      0x00000000        0x0 c:/program files/microchip/xc32/v3.01/bin/bin/../../lib/gcc/pic32c/8.3.1/thumb/v6-m/nofp/crtbegin.o

.text%29        0x000000d0      0xb0c
 .text          0x000000d0      0xb0c ..\src\config\sam_d21_xpro\touch\lib\qtm_acq_samd21_0x0024.X.a(sam_acq_x_samd21.o)
                0x000003d8                qtm_drivenshield_setup
                0x000003ec                qtm_drivenshield_register_start_callback
                0x00000400                qtm_drivenshield_deregister_start_callback
                0x00000414                qtm_acquisition_process
                0x000006f4                qtm_ptc_init_acquisition_module
                0x00000814                qtm_ptc_qtlib_assign_signal_memory
                0x00000828                qtm_ptc_start_measurement_seq
                0x00000908                qtm_enable_sensor_node
                0x00000928                qtm_calibrate_sensor_node
                0x00000978                qtm_autoscan_sensor_node
                0x00000ab8                qtm_autoscan_node_cancel
                0x00000ae8                qtm_ptc_clear_interrupt
                0x00000b0c                qtm_samd21_ptc_handler_eoc
                0x00000ba8                qtm_ptc_de_init
                0x00000bd4                qtm_samd21_acq_module_get_id
                0x00000bd8                qtm_samd21_acq_module_get_version

.text.qtm_key_sensors_process%30
                0x00000bdc      0x48c
 .text.qtm_key_sensors_process
                0x00000bdc      0x48c ..\src\config\sam_d21_xpro\touch\lib\qtm_touch_key_cm0p_0x0002.X.a(sam_touch_key_x_cm0p.o)
                0x00000bdc                qtm_key_sensors_process

.text.qtm_scroller_process%31
                0x00001068      0x410
 .text.qtm_scroller_process
                0x00001068      0x410 ..\src\config\sam_d21_xpro\touch\lib\qtm_scroller_cm0p_0x000b.X.a(sam_scroller_x_cm0p.o)
                0x00001068                qtm_scroller_process

.dinit%32       0x00001478      0x2a0
 .dinit         0x00001478      0x2a0 data_init

.text.main%33   0x00001718      0x284
 .text.main     0x00001718      0x284 build/sam_d21_xpro/production/_ext/1360937237/main.o
                0x00001718                main

.text.datastreamer_output%34
                0x0000199c      0x20c
 .text.datastreamer_output
                0x0000199c      0x20c build/sam_d21_xpro/production/_ext/64933838/datastreamer_UART_sam.o
                0x0000199c                datastreamer_output

.text.qtm_freq_hop_autotune%35
                0x00001ba8      0x1fe
 .text.qtm_freq_hop_autotune
                0x00001ba8      0x1fe ..\src\config\sam_d21_xpro\touch\lib\qtm_freq_hop_auto_cm0p_0x0004.X.a(sam_freq_hop_auto_x_cm0p.o)
                0x00001ba8                qtm_freq_hop_autotune

.text.CLOCK_Initialize%36
                0x00001da8      0x140
 .text.CLOCK_Initialize
                0x00001da8      0x140 build/sam_d21_xpro/production/_ext/600686086/plib_clock.o
                0x00001da8                CLOCK_Initialize

.text.touch_process%37
                0x00001ee8       0xc4
 .text.touch_process
                0x00001ee8       0xc4 build/sam_d21_xpro/production/_ext/1497955284/touch.o
                0x00001ee8                touch_process

.rodata.PWM_RGB_values%38
                0x00001fac       0xc0
 .rodata.PWM_RGB_values
                0x00001fac       0xc0 build/sam_d21_xpro/production/_ext/1360937237/main.o
                0x00001fac                PWM_RGB_values

.text.__pic32c_data_initialization%39
                0x0000206c       0x90
 .text.__pic32c_data_initialization
                0x0000206c       0x90 c:/program files/microchip/xc32/v3.01/bin/bin/../../lib/gcc/pic32c/8.3.1/../../../../pic32c/lib/thumb/v6-m/nofp\libpic32c.a(data_init.o)
                0x0000206c                __pic32c_data_initialization

.text.check_for_aks_block%40
                0x000020fc       0x7a
 .text.check_for_aks_block
                0x000020fc       0x7a ..\src\config\sam_d21_xpro\touch\lib\qtm_touch_key_cm0p_0x0002.X.a(sam_touch_key_x_cm0p.o)

.text.PORT_Initialize%41
                0x00002178       0x6c
 .text.PORT_Initialize
                0x00002178       0x6c build/sam_d21_xpro/production/_ext/2097977225/plib_port.o
                0x00002178                PORT_Initialize

.text.touch_init%42
                0x000021e4       0x68
 .text.touch_init
                0x000021e4       0x68 build/sam_d21_xpro/production/_ext/1497955284/touch.o
                0x000021e4                touch_init

.text.divide%43
                0x0000224c       0x5c
 .text.divide   0x0000224c       0x5c ..\src\config\sam_d21_xpro\touch\lib\qtm_scroller_cm0p_0x000b.X.a(sam_scroller_x_cm0p.o)

.text%44        0x000022a8       0x48
 .text          0x000022a8       0x48 c:/program files/microchip/xc32/v3.01/bin/bin/../../lib/gcc/pic32c/8.3.1/thumb/v6-m/nofp/crtbegin.o

.text.Reset_Handler%45
                0x000022f0       0x48
 .text.Reset_Handler
                0x000022f0       0x48 build/sam_d21_xpro/production/_ext/128142748/startup_xc32.o
                0x000022f0                Reset_Handler

.text.qtm_init_scroller_module%46
                0x00002338       0x48
 .text.qtm_init_scroller_module
                0x00002338       0x48 ..\src\config\sam_d21_xpro\touch\lib\qtm_scroller_cm0p_0x000b.X.a(sam_scroller_x_cm0p.o)
                0x00002338                qtm_init_scroller_module

.text.__libc_init_array%47
                0x00002380       0x48
 .text.__libc_init_array
                0x00002380       0x48 c:/program files/microchip/xc32/v3.01/bin/bin/../../lib/gcc/pic32c/8.3.1/../../../../pic32c/lib/thumb/v6-m/nofp\libc_nano.a(lib_a-init.o)
                0x00002380                __libc_init_array

.text.SERCOM3_USART_Write%48
                0x000023c8       0x44
 .text.SERCOM3_USART_Write
                0x000023c8       0x44 build/sam_d21_xpro/production/_ext/1136425057/plib_sercom3_usart.o
                0x000023c8                SERCOM3_USART_Write

.text.NVIC_Initialize%49
                0x0000240c       0x40
 .text.NVIC_Initialize
                0x0000240c       0x40 build/sam_d21_xpro/production/_ext/2097924074/plib_nvic.o
                0x0000240c                NVIC_Initialize

.text.RTC_Initialize%50
                0x0000244c       0x3c
 .text.RTC_Initialize
                0x0000244c       0x3c build/sam_d21_xpro/production/_ext/2010531239/plib_rtc_timer.o
                0x0000244c                RTC_Initialize

.text.SERCOM3_USART_Initialize%51
                0x00002488       0x38
 .text.SERCOM3_USART_Initialize
                0x00002488       0x38 build/sam_d21_xpro/production/_ext/1136425057/plib_sercom3_usart.o
                0x00002488                SERCOM3_USART_Initialize

.text.SYS_Initialize%52
                0x000024c0       0x30
 .text.SYS_Initialize
                0x000024c0       0x30 build/sam_d21_xpro/production/_ext/128142748/initialization.o
                0x000024c0                SYS_Initialize

.rodata%53      0x000024f0       0x30
 .rodata        0x000024f0       0x30 ..\src\config\sam_d21_xpro\touch\lib\qtm_acq_samd21_0x0024.X.a(sam_acq_x_samd21.o)

.text.RTC_InterruptHandler%54
                0x00002520       0x28
 .text.RTC_InterruptHandler
                0x00002520       0x28 build/sam_d21_xpro/production/_ext/2010531239/plib_rtc_timer.o
                0x00002520                RTC_InterruptHandler

.text.touch_timer_config%55
                0x00002548       0x20
 .text.touch_timer_config
                0x00002548       0x20 build/sam_d21_xpro/production/_ext/1497955284/touch.o
                0x00002548                touch_timer_config

.rodata.main%56
                0x00002568       0x20
 .rodata.main   0x00002568       0x20 build/sam_d21_xpro/production/_ext/1360937237/main.o

.text.qtm_init_sensor_key%57
                0x00002588       0x1e
 .text.qtm_init_sensor_key
                0x00002588       0x1e ..\src\config\sam_d21_xpro\touch\lib\qtm_touch_key_cm0p_0x0002.X.a(sam_touch_key_x_cm0p.o)
                0x00002588                qtm_init_sensor_key

.text.RTC_Timer32Start%58
                0x000025a8       0x18
 .text.RTC_Timer32Start
                0x000025a8       0x18 build/sam_d21_xpro/production/_ext/2010531239/plib_rtc_timer.o
                0x000025a8                RTC_Timer32Start

.text.datastreamer_transmit%59
                0x000025c0       0x16
 .text.datastreamer_transmit
                0x000025c0       0x16 build/sam_d21_xpro/production/_ext/64933838/datastreamer_UART_sam.o
                0x000025c0                datastreamer_transmit

.text.RTC_Timer32CompareSet%60
                0x000025d8       0x14
 .text.RTC_Timer32CompareSet
                0x000025d8       0x14 build/sam_d21_xpro/production/_ext/2010531239/plib_rtc_timer.o
                0x000025d8                RTC_Timer32CompareSet

.text.touch_timer_handler%61
                0x000025ec       0x14
 .text.touch_timer_handler
                0x000025ec       0x14 build/sam_d21_xpro/production/_ext/1497955284/touch.o
                0x000025ec                touch_timer_handler

.text.get_sensor_node_signal%62
                0x00002600       0x14
 .text.get_sensor_node_signal
                0x00002600       0x14 build/sam_d21_xpro/production/_ext/1497955284/touch.o
                0x00002600                get_sensor_node_signal

.text.get_sensor_node_reference%63
                0x00002614       0x14
 .text.get_sensor_node_reference
                0x00002614       0x14 build/sam_d21_xpro/production/_ext/1497955284/touch.o
                0x00002614                get_sensor_node_reference

.text.get_sensor_cc_val%64
                0x00002628       0x14
 .text.get_sensor_cc_val
                0x00002628       0x14 build/sam_d21_xpro/production/_ext/1497955284/touch.o
                0x00002628                get_sensor_cc_val

.text.get_sensor_state%65
                0x0000263c       0x14
 .text.get_sensor_state
                0x0000263c       0x14 build/sam_d21_xpro/production/_ext/1497955284/touch.o
                0x0000263c                get_sensor_state

.text.get_scroller_state%66
                0x00002650       0x14
 .text.get_scroller_state
                0x00002650       0x14 build/sam_d21_xpro/production/_ext/1497955284/touch.o
                0x00002650                get_scroller_state

.text.get_scroller_position%67
                0x00002664       0x14
 .text.get_scroller_position
                0x00002664       0x14 build/sam_d21_xpro/production/_ext/1497955284/touch.o
                0x00002664                get_scroller_position

.text%68        0x00002678       0x14
 .text          0x00002678       0x14 c:/program files/microchip/xc32/v3.01/bin/bin/../../lib/gcc/pic32c/8.3.1/thumb/v6-m/nofp\libgcc.a(_thumb1_case_uhi.o)
                0x00002678                __gnu_thumb1_case_uhi

.text.qtm_update_qtlib_timer%69
                0x0000268c       0x10
 .text.qtm_update_qtlib_timer
                0x0000268c       0x10 ..\src\config\sam_d21_xpro\touch\lib\qtm_touch_key_cm0p_0x0002.X.a(sam_touch_key_x_cm0p.o)
                0x0000268c                qtm_update_qtlib_timer

.text.NVMCTRL_Initialize%70
                0x0000269c        0xc
 .text.NVMCTRL_Initialize
                0x0000269c        0xc build/sam_d21_xpro/production/_ext/1104193656/plib_nvmctrl.o
                0x0000269c                NVMCTRL_Initialize

.text.RTC_Timer32CallbackRegister%71
                0x000026a8        0xc
 .text.RTC_Timer32CallbackRegister
                0x000026a8        0xc build/sam_d21_xpro/production/_ext/2010531239/plib_rtc_timer.o
                0x000026a8                RTC_Timer32CallbackRegister

.text.qtm_measure_complete_callback%72
                0x000026b4        0xc
 .text.qtm_measure_complete_callback
                0x000026b4        0xc build/sam_d21_xpro/production/_ext/1497955284/touch.o

.text.PTC_Handler%73
                0x000026c0        0xc
 .text.PTC_Handler
                0x000026c0        0xc build/sam_d21_xpro/production/_ext/1497955284/touch.o
                0x000026c0                PTC_Handler

.text.rtc_cb%74
                0x000026cc        0x8
 .text.rtc_cb   0x000026cc        0x8 build/sam_d21_xpro/production/_ext/1497955284/touch.o
                0x000026cc                rtc_cb

.text.EVSYS_Initialize%75
                0x00001da6        0x2
 .text.EVSYS_Initialize
                0x00001da6        0x2 build/sam_d21_xpro/production/_ext/602835572/plib_evsys.o
                0x00001da6                EVSYS_Initialize

.text.datastreamer_init%76
                0x00002176        0x2
 .text.datastreamer_init
                0x00002176        0x2 build/sam_d21_xpro/production/_ext/64933838/datastreamer_UART_sam.o
                0x00002176                datastreamer_init

.text.Dummy_Handler%77
                0x000025a6        0x2
 .text.Dummy_Handler
                0x000025a6        0x2 build/sam_d21_xpro/production/_ext/128142748/interrupts.o
                0x000025a6                SVCall_Handler
                0x000025a6                DMAC_Handler
                0x000025a6                AC_Handler
                0x000025a6                SysTick_Handler
                0x000025a6                PendSV_Handler
                0x000025a6                TC7_Handler
                0x000025a6                SERCOM1_Handler
                0x000025a6                ADC_Handler
                0x000025a6                TCC1_Handler
                0x000025a6                SERCOM2_Handler
                0x000025a6                TCC0_Handler
                0x000025a6                EIC_Handler
                0x000025a6                TC6_Handler
                0x000025a6                WDT_Handler
                0x000025a6                TC4_Handler
                0x000025a6                USB_Handler
                0x000025a6                TC3_Handler
                0x000025a6                Dummy_Handler
                0x000025a6                PM_Handler
                0x000025a6                SERCOM5_Handler
                0x000025a6                TCC2_Handler
                0x000025a6                EVSYS_Handler
                0x000025a6                SERCOM3_Handler
                0x000025a6                SERCOM4_Handler
                0x000025a6                I2S_Handler
                0x000025a6                NVMCTRL_Handler
                0x000025a6                SERCOM0_Handler
                0x000025a6                DAC_Handler
                0x000025a6                TC5_Handler
                0x000025a6                SYSCTRL_Handler

.text.NonMaskableInt_Handler%78
                0x000025d6        0x2
 .text.NonMaskableInt_Handler
                0x000025d6        0x2 build/sam_d21_xpro/production/_ext/128142748/exceptions.o
                0x000025d6                NonMaskableInt_Handler

.text.HardFault_Handler%79
                0x000026d4        0x2
 .text.HardFault_Handler
                0x000026d4        0x2 build/sam_d21_xpro/production/_ext/128142748/exceptions.o
                0x000026d4                HardFault_Handler

.text.Dummy_App_Func%80
                0x000026d6        0x2
 .text.Dummy_App_Func
                0x000026d6        0x2 build/sam_d21_xpro/production/_ext/128142748/startup_xc32.o
                0x000026d6                _on_reset
                0x000026d6                _on_bootstrap
                0x000026d6                __xc32_on_reset
                0x000026d6                Dummy_App_Func
                0x000026d6                __xc32_on_bootstrap

.rodata%81      0x000026d8        0x2
 .rodata        0x000026d8        0x2 ..\src\config\sam_d21_xpro\touch\lib\qtm_scroller_cm0p_0x000b.X.a(sam_scroller_x_cm0p.o)
